Archive member included because of file (symbol)

/usr/local/pkg/sourcery-g++-lite-arm-eabi-2010.09.51-i686-1/arm-none-eabi/lib/thumb2/libc.a(lib_a-sprintf.o)
                              can_print.o (sprintf)
/usr/local/pkg/sourcery-g++-lite-arm-eabi-2010.09.51-i686-1/arm-none-eabi/lib/thumb2/libc.a(lib_a-svfprintf.o)
                              /usr/local/pkg/sourcery-g++-lite-arm-eabi-2010.09.51-i686-1/arm-none-eabi/lib/thumb2/libc.a(lib_a-sprintf.o) (_svfprintf_r)
/usr/local/pkg/sourcery-g++-lite-arm-eabi-2010.09.51-i686-1/arm-none-eabi/lib/thumb2/libc.a(lib_a-dtoa.o)
                              /usr/local/pkg/sourcery-g++-lite-arm-eabi-2010.09.51-i686-1/arm-none-eabi/lib/thumb2/libc.a(lib_a-svfprintf.o) (_dtoa_r)
/usr/local/pkg/sourcery-g++-lite-arm-eabi-2010.09.51-i686-1/arm-none-eabi/lib/thumb2/libc.a(lib_a-impure.o)
                              /usr/local/pkg/sourcery-g++-lite-arm-eabi-2010.09.51-i686-1/arm-none-eabi/lib/thumb2/libc.a(lib_a-sprintf.o) (_impure_ptr)
/usr/local/pkg/sourcery-g++-lite-arm-eabi-2010.09.51-i686-1/arm-none-eabi/lib/thumb2/libc.a(lib_a-locale.o)
                              /usr/local/pkg/sourcery-g++-lite-arm-eabi-2010.09.51-i686-1/arm-none-eabi/lib/thumb2/libc.a(lib_a-svfprintf.o) (_localeconv_r)
/usr/local/pkg/sourcery-g++-lite-arm-eabi-2010.09.51-i686-1/arm-none-eabi/lib/thumb2/libc.a(lib_a-malloc.o)
                              /usr/local/pkg/sourcery-g++-lite-arm-eabi-2010.09.51-i686-1/arm-none-eabi/lib/thumb2/libc.a(lib_a-dtoa.o) (malloc)
/usr/local/pkg/sourcery-g++-lite-arm-eabi-2010.09.51-i686-1/arm-none-eabi/lib/thumb2/libc.a(lib_a-mallocr.o)
                              /usr/local/pkg/sourcery-g++-lite-arm-eabi-2010.09.51-i686-1/arm-none-eabi/lib/thumb2/libc.a(lib_a-svfprintf.o) (_malloc_r)
/usr/local/pkg/sourcery-g++-lite-arm-eabi-2010.09.51-i686-1/arm-none-eabi/lib/thumb2/libc.a(lib_a-memchr.o)
                              /usr/local/pkg/sourcery-g++-lite-arm-eabi-2010.09.51-i686-1/arm-none-eabi/lib/thumb2/libc.a(lib_a-svfprintf.o) (memchr)
/usr/local/pkg/sourcery-g++-lite-arm-eabi-2010.09.51-i686-1/arm-none-eabi/lib/thumb2/libc.a(lib_a-memcpy.o)
                              /usr/local/pkg/sourcery-g++-lite-arm-eabi-2010.09.51-i686-1/arm-none-eabi/lib/thumb2/libc.a(lib_a-dtoa.o) (memcpy)
/usr/local/pkg/sourcery-g++-lite-arm-eabi-2010.09.51-i686-1/arm-none-eabi/lib/thumb2/libc.a(lib_a-mlock.o)
                              /usr/local/pkg/sourcery-g++-lite-arm-eabi-2010.09.51-i686-1/arm-none-eabi/lib/thumb2/libc.a(lib_a-mallocr.o) (__malloc_lock)
/usr/local/pkg/sourcery-g++-lite-arm-eabi-2010.09.51-i686-1/arm-none-eabi/lib/thumb2/libc.a(lib_a-mprec.o)
                              /usr/local/pkg/sourcery-g++-lite-arm-eabi-2010.09.51-i686-1/arm-none-eabi/lib/thumb2/libc.a(lib_a-dtoa.o) (_Balloc)
/usr/local/pkg/sourcery-g++-lite-arm-eabi-2010.09.51-i686-1/arm-none-eabi/lib/thumb2/libc.a(lib_a-s_fpclassify.o)
                              /usr/local/pkg/sourcery-g++-lite-arm-eabi-2010.09.51-i686-1/arm-none-eabi/lib/thumb2/libc.a(lib_a-svfprintf.o) (__fpclassifyd)
/usr/local/pkg/sourcery-g++-lite-arm-eabi-2010.09.51-i686-1/arm-none-eabi/lib/thumb2/libc.a(lib_a-sbrkr.o)
                              /usr/local/pkg/sourcery-g++-lite-arm-eabi-2010.09.51-i686-1/arm-none-eabi/lib/thumb2/libc.a(lib_a-mallocr.o) (_sbrk_r)
/usr/local/pkg/sourcery-g++-lite-arm-eabi-2010.09.51-i686-1/arm-none-eabi/lib/thumb2/libc.a(lib_a-strcmp.o)
                              /usr/local/pkg/sourcery-g++-lite-arm-eabi-2010.09.51-i686-1/arm-none-eabi/lib/thumb2/libc.a(lib_a-locale.o) (strcmp)
/usr/local/pkg/sourcery-g++-lite-arm-eabi-2010.09.51-i686-1/arm-none-eabi/lib/thumb2/libc.a(lib_a-strlen.o)
                              /usr/local/pkg/sourcery-g++-lite-arm-eabi-2010.09.51-i686-1/arm-none-eabi/lib/thumb2/libc.a(lib_a-svfprintf.o) (strlen)
/usr/local/pkg/sourcery-g++-lite-arm-eabi-2010.09.51-i686-1/arm-none-eabi/lib/thumb2/libc.a(lib_a-svfiprintf.o)
                              /usr/local/pkg/sourcery-g++-lite-arm-eabi-2010.09.51-i686-1/arm-none-eabi/lib/thumb2/libc.a(lib_a-svfprintf.o) (__ssprint_r)
/usr/local/pkg/sourcery-g++-lite-arm-eabi-2010.09.51-i686-1/arm-none-eabi/lib/thumb2/libc.a(lib_a-callocr.o)
                              /usr/local/pkg/sourcery-g++-lite-arm-eabi-2010.09.51-i686-1/arm-none-eabi/lib/thumb2/libc.a(lib_a-mprec.o) (_calloc_r)
/usr/local/pkg/sourcery-g++-lite-arm-eabi-2010.09.51-i686-1/arm-none-eabi/lib/thumb2/libc.a(lib_a-freer.o)
                              /usr/local/pkg/sourcery-g++-lite-arm-eabi-2010.09.51-i686-1/arm-none-eabi/lib/thumb2/libc.a(lib_a-malloc.o) (_free_r)
/usr/local/pkg/sourcery-g++-lite-arm-eabi-2010.09.51-i686-1/arm-none-eabi/lib/thumb2/libc.a(lib_a-memmove.o)
                              /usr/local/pkg/sourcery-g++-lite-arm-eabi-2010.09.51-i686-1/arm-none-eabi/lib/thumb2/libc.a(lib_a-svfiprintf.o) (memmove)
/usr/local/pkg/sourcery-g++-lite-arm-eabi-2010.09.51-i686-1/arm-none-eabi/lib/thumb2/libc.a(lib_a-memset.o)
[...]
Memory Configuration

Name             Origin             Length             Attributes
rom              0x00000000         0x00080000         xr
ram              0x10000000         0x00008000         xrw
ram1             0x2007c000         0x00004000         xrw
ram2             0x20080000         0x00004000         xrw
*default*        0x00000000         0xffffffff

Linker script and memory map

LOAD /opt/york/cs/net/sourcery-g++-lite-arm-eabi-2010.09.51-i686-1/bin/../lib/gcc/arm-none-eabi/4.5.1/thumb2/crti.o
LOAD /opt/york/cs/net/sourcery-g++-lite-arm-eabi-2010.09.51-i686-1/bin/../lib/gcc/arm-none-eabi/4.5.1/thumb2/crtbegin.o
LOAD can_print.o
LOAD ../can.o
LOAD ../../UART/uart.o
LOAD /usr/local/pkg/lpc1700-cmsis-lite-2011.01.26-i686-1/lib/core_cm3.o
LOAD /usr/local/pkg/lpc1700-cmsis-lite-2011.01.26-i686-1/lib/system_LPC17xx.o
LOAD /usr/local/pkg/lpc1700-cmsis-lite-2011.01.26-i686-1/lib/startup_LPC17xx.o
START GROUP
LOAD /usr/local/pkg/sourcery-g++-lite-arm-eabi-2010.09.51-i686-1/arm-none-eabi/lib/thumb2/libc.a
LOAD /usr/local/pkg/sourcery-g++-lite-arm-eabi-2010.09.51-i686-1/arm-none-eabi/lib/thumb2/libg.a
LOAD /usr/local/pkg/sourcery-g++-lite-arm-eabi-2010.09.51-i686-1/arm-none-eabi/lib/thumb2/libstdc++.a
LOAD /usr/local/pkg/sourcery-g++-lite-arm-eabi-2010.09.51-i686-1/arm-none-eabi/lib/thumb2/libsupc++.a
LOAD /opt/york/cs/net/sourcery-g++-lite-arm-eabi-2010.09.51-i686-1/bin/../lib/gcc/arm-none-eabi/4.5.1/thumb2/libgcc.a
LOAD /usr/local/pkg/sourcery-g++-lite-arm-eabi-2010.09.51-i686-1/arm-none-eabi/lib/thumb2/libm.a
END GROUP
START GROUP
LOAD /opt/york/cs/net/sourcery-g++-lite-arm-eabi-2010.09.51-i686-1/bin/../lib/gcc/arm-none-eabi/4.5.1/thumb2/libgcc.a
LOAD /usr/local/pkg/sourcery-g++-lite-arm-eabi-2010.09.51-i686-1/arm-none-eabi/lib/thumb2/libc.a
LOAD /usr/local/pkg/sourcery-g++-lite-arm-eabi-2010.09.51-i686-1/arm-none-eabi/lib/thumb2/libcs3.a
LOAD /usr/local/pkg/sourcery-g++-lite-arm-eabi-2010.09.51-i686-1/arm-none-eabi/lib/thumb2/libcs3unhosted.a
LOAD /usr/local/pkg/sourcery-g++-lite-arm-eabi-2010.09.51-i686-1/arm-none-eabi/lib/thumb2/libcs3micro.a
END GROUP
                0x10008000                PROVIDE (__cs3_stack, (__cs3_region_start_ram + __cs3_region_size_ram))
                0x000079e8                PROVIDE (__cs3_stack_size, ((__cs3_region_start_ram + __cs3_region_size_ram) - _end))
                0x10000618                PROVIDE (__cs3_heap_start, _end)
                0x10008000                PROVIDE (__cs3_heap_end, (__cs3_region_start_ram + __cs3_region_size_ram))

.text           0x00000000     0xcbcc
 CREATE_OBJECT_SYMBOLS
                0x00000000                __cs3_region_start_rom = .
 *(.cs3.region-head.rom)
                0x00000000                __cs3_interrupt_vector = __cs3_interrupt_vector_cortex_m
 *(.cs3.interrupt_vector)
 .cs3.interrupt_vector
                0x00000000       0xcc /usr/local/pkg/lpc1700-cmsis-lite-2011.01.26-i686-1/lib/startup_LPC17xx.o
                0x00000000                __cs3_interrupt_vector_cortex_m
                0x00000001                ASSERT ((. != __cs3_interrupt_vector_cortex_m), No interrupt vector)
 *(.rom)
 *(.rom.b)
                0x000000cc                __cs3_reset = __cs3_reset_cortex_m
 *(.cs3.reset)
 .cs3.reset     0x000000cc       0x10 /usr/local/pkg/lpc1700-cmsis-lite-2011.01.26-i686-1/lib/startup_LPC17xx.o
                0x000000cc                __cs3_reset_cortex_m
                0x00000001                ASSERT ((. != __cs3_reset), No reset code)
 *(.text .text.* .gnu.linkonce.t.*)
 .text          0x000000dc        0x0 /opt/york/cs/net/sourcery-g++-lite-arm-eabi-2010.09.51-i686-1/bin/../lib/gcc/arm-none-eabi/4.5.1/thumb2/crti.o
 .text          0x000000dc       0x30 /opt/york/cs/net/sourcery-g++-lite-arm-eabi-2010.09.51-i686-1/bin/../lib/gcc/arm-none-eabi/4.5.1/thumb2/crtbegin.o
 .text          0x0000010c        0x0 can_print.o
 .text.NVIC_EnableIRQ
                0x0000010c       0x38 can_print.o
 .text.CAN_IRQHandler
                0x00000144      0x1b8 can_print.o
                0x00000144                CAN_IRQHandler
 .text.CAN_InitMessage
                0x000002fc       0xd8 can_print.o
                0x000002fc                CAN_InitMessage
 .text.main     0x000003d4      0x108 can_print.o
                0x000003d4                main
 .text.delay    0x000004dc       0x30 can_print.o
                0x000004dc                delay
 .text          0x0000050c        0x0 ../can.o
 .text.NVIC_EnableIRQ
                0x0000050c       0x38 ../can.o
 .text.NVIC_DisableIRQ
                0x00000544       0x3c ../can.o
 .text.CAN_init_message
                0x00000580       0xd8 ../can.o
                0x00000580                CAN_init_message
 .text.init_can
                0x00000658      0x10c ../can.o
                0x00000658                init_can
 .text.enable_interrupt
                0x00000764       0x50 ../can.o
                0x00000764                enable_interrupt
 .text.disable_interrupt
                0x000007b4       0x50 ../can.o
                0x000007b4                disable_interrupt
 .text.set_device_id
                0x00000804       0xb0 ../can.o
                0x00000804                set_device_id
 .text          0x000008b4        0x0 ../../UART/uart.o
 .text.serial_init
                0x000008b4       0x90 ../../UART/uart.o
                0x000008b4                serial_init
 .text.read_serial
                0x00000944       0x2c ../../UART/uart.o
                0x00000944                read_serial
 .text.write_serial
                0x00000970       0x2c ../../UART/uart.o
                0x00000970                write_serial
 .text          0x0000099c        0x0 /usr/local/pkg/lpc1700-cmsis-lite-2011.01.26-i686-1/lib/core_cm3.o
 .text          0x0000099c        0x0 /usr/local/pkg/lpc1700-cmsis-lite-2011.01.26-i686-1/lib/system_LPC17xx.o
 .text.SystemCoreClockUpdate
                0x0000099c      0x228 /usr/local/pkg/lpc1700-cmsis-lite-2011.01.26-i686-1/lib/system_LPC17xx.o
                0x0000099c                SystemCoreClockUpdate
 .text.SystemInit
                0x00000bc4      0x240 /usr/local/pkg/lpc1700-cmsis-lite-2011.01.26-i686-1/lib/system_LPC17xx.o
                0x00000bc4                SystemInit
 .text          0x00000e04       0x14 /usr/local/pkg/lpc1700-cmsis-lite-2011.01.26-i686-1/lib/startup_LPC17xx.o
                0x00000e04                NMI_Handler
                0x00000e06                HardFault_Handler
                0x00000e08                MemManage_Handler
                0x00000e0a                BusFault_Handler
                0x00000e0c                UsageFault_Handler
                0x00000e0e                SVC_Handler
                0x00000e10                DebugMon_Handler
                0x00000e12                PendSV_Handler
                0x00000e14                SysTick_Handler
                0x00000e16                TIMER2_IRQHandler
                0x00000e16                RIT_IRQHandler
                0x00000e16                I2C0_IRQHandler
                0x00000e16                USBActivity_IRQHandler
                0x00000e16                PWM1_IRQHandler
                0x00000e16                I2C1_IRQHandler
                0x00000e16                EINT2_IRQHandler
                0x00000e16                UART1_IRQHandler
                0x00000e16                EINT3_IRQHandler
                0x00000e16                CANActivity_IRQHandler
                0x00000e16                TIMER3_IRQHandler
                0x00000e16                UART0_IRQHandler
                0x00000e16                PLL0_IRQHandler
                0x00000e16                PLL1_IRQHandler
                0x00000e16                SSP0_IRQHandler
                0x00000e16                I2S_IRQHandler
                0x00000e16                I2C2_IRQHandler
                0x00000e16                RTC_IRQHandler
                0x00000e16                TIMER0_IRQHandler
                0x00000e16                SPI_IRQHandler
                0x00000e16                EINT1_IRQHandler
                0x00000e16                TIMER1_IRQHandler
                0x00000e16                UART2_IRQHandler
                0x00000e16                Default_Handler
                0x00000e16                ADC_IRQHandler
                0x00000e16                SSP1_IRQHandler
                0x00000e16                USB_IRQHandler
                0x00000e16                BOD_IRQHandler
                0x00000e16                WDT_IRQHandler
                0x00000e16                QEI_IRQHandler
                0x00000e16                EINT0_IRQHandler
                0x00000e16                DMA_IRQHandler
                0x00000e16                UART3_IRQHandler
                0x00000e16                MCPWM_IRQHandler
                0x00000e16                ENET_IRQHandler
 .text          0x00000e18       0x94 /usr/local/pkg/sourcery-g++-lite-arm-eabi-2010.09.51-i686-1/arm-none-eabi/lib/thumb2/libc.a(lib_a-sprintf.o)
                0x00000e18                _sprintf_r
                0x00000e5c                sprintf
 .text          0x00000eac     0x1658 /usr/local/pkg/sourcery-g++-lite-arm-eabi-2010.09.51-i686-1/arm-none-eabi/lib/thumb2/libc.a(lib_a-svfprintf.o)
                0x00000eac                _svfprintf_r
 *fill*         0x00002504        0x4 00
 .text          0x00002508     0x1000 /usr/local/pkg/sourcery-g++-lite-arm-eabi-2010.09.51-i686-1/arm-none-eabi/lib/thumb2/libc.a(lib_a-dtoa.o)
                0x00002634                _dtoa_r
 .text          0x00003508        0x0 /usr/local/pkg/sourcery-g++-lite-arm-eabi-2010.09.51-i686-1/arm-none-eabi/lib/thumb2/libc.a(lib_a-impure.o)
 .text          0x00003508       0xa0 /usr/local/pkg/sourcery-g++-lite-arm-eabi-2010.09.51-i686-1/arm-none-eabi/lib/thumb2/libc.a(lib_a-locale.o)
                0x00003508                _setlocale_r
                0x00003564                __locale_charset
                0x00003570                __locale_mb_cur_max
                0x0000357c                __locale_msgcharset
                0x00003584                __locale_cjk_lang
                0x00003588                _localeconv_r
                0x00003590                setlocale
                0x000035a0                localeconv
 .text          0x000035a8       0x20 /usr/local/pkg/sourcery-g++-lite-arm-eabi-2010.09.51-i686-1/arm-none-eabi/lib/thumb2/libc.a(lib_a-malloc.o)
                0x000035a8                malloc
                0x000035b8                free
 .text          0x000035c8      0x57c /usr/local/pkg/sourcery-g++-lite-arm-eabi-2010.09.51-i686-1/arm-none-eabi/lib/thumb2/libc.a(lib_a-mallocr.o)
                0x000035c8                _malloc_r
 .text          0x00003b44       0x88 /usr/local/pkg/sourcery-g++-lite-arm-eabi-2010.09.51-i686-1/arm-none-eabi/lib/thumb2/libc.a(lib_a-memchr.o)
                0x00003b44                memchr
 .text          0x00003bcc      0x150 /usr/local/pkg/sourcery-g++-lite-arm-eabi-2010.09.51-i686-1/arm-none-eabi/lib/thumb2/libc.a(lib_a-memcpy.o)
                0x00003bcc                memcpy
 .text          0x00003d1c        0x8 /usr/local/pkg/sourcery-g++-lite-arm-eabi-2010.09.51-i686-1/arm-none-eabi/lib/thumb2/libc.a(lib_a-mlock.o)
                0x00003d1c                __malloc_lock
                0x00003d20                __malloc_unlock
 .text          0x00003d24      0x920 /usr/local/pkg/sourcery-g++-lite-arm-eabi-2010.09.51-i686-1/arm-none-eabi/lib/thumb2/libc.a(lib_a-mprec.o)
                0x00003d24                _Balloc
                0x00003d8c                _Bfree
                0x00003dc4                __multadd
                0x00003e48                __s2b
                0x00003edc                __hi0bits
                0x00003f1c                __lo0bits
                0x00003f80                __i2b
                0x00003f94                __multiply
                0x000040bc                __pow5mult
                0x00004160                __lshift
                0x0000420c                __mcmp
                0x00004248                __mdiff
                0x00004340                __ulp
                0x00004388                __b2d
                0x00004434                __d2b
                0x000044fc                __ratio
                0x0000456c                _mprec_log10
                0x000045a0                __copybits
                0x000045e8                __any_on
 .text          0x00004644       0x90 /usr/local/pkg/sourcery-g++-lite-arm-eabi-2010.09.51-i686-1/arm-none-eabi/lib/thumb2/libc.a(lib_a-s_fpclassify.o)
                0x00004644                __fpclassifyd
 .text          0x000046d4       0x28 /usr/local/pkg/sourcery-g++-lite-arm-eabi-2010.09.51-i686-1/arm-none-eabi/lib/thumb2/libc.a(lib_a-sbrkr.o)
                0x000046d4                _sbrk_r
 .text          0x000046fc      0x1dc /usr/local/pkg/sourcery-g++-lite-arm-eabi-2010.09.51-i686-1/arm-none-eabi/lib/thumb2/libc.a(lib_a-strcmp.o)
                0x000046fc                strcmp
 .text          0x000048d8       0x60 /usr/local/pkg/sourcery-g++-lite-arm-eabi-2010.09.51-i686-1/arm-none-eabi/lib/thumb2/libc.a(lib_a-strlen.o)
                0x000048d8                strlen
 .text          0x00004938      0xbe4 /usr/local/pkg/sourcery-g++-lite-arm-eabi-2010.09.51-i686-1/arm-none-eabi/lib/thumb2/libc.a(lib_a-svfiprintf.o)
                0x00004938                __ssprint_r
                0x00004a40                _svfiprintf_r
 .text          0x0000551c       0x5c /usr/local/pkg/sourcery-g++-lite-arm-eabi-2010.09.51-i686-1/arm-none-eabi/lib/thumb2/libc.a(lib_a-callocr.o)
                0x0000551c                _calloc_r
 .text          0x00005578      0x240 /usr/local/pkg/sourcery-g++-lite-arm-eabi-2010.09.51-i686-1/arm-none-eabi/lib/thumb2/libc.a(lib_a-freer.o)
                0x00005578                _malloc_trim_r
                0x00005620                _free_r
 .text          0x000057b8       0xa0 /usr/local/pkg/sourcery-g++-lite-arm-eabi-2010.09.51-i686-1/arm-none-eabi/lib/thumb2/libc.a(lib_a-memmove.o)
                0x000057b8                memmove
 .text          0x00005858       0xb4 /usr/local/pkg/sourcery-g++-lite-arm-eabi-2010.09.51-i686-1/arm-none-eabi/lib/thumb2/libc.a(lib_a-memset.o)
                0x00005858                memset
 .text          0x0000590c      0x41c /usr/local/pkg/sourcery-g++-lite-arm-eabi-2010.09.51-i686-1/arm-none-eabi/lib/thumb2/libc.a(lib_a-reallocr.o)
                0x0000590c                _realloc_r
 .text          0x00005d28      0x114 /usr/local/pkg/sourcery-g++-lite-arm-eabi-2010.09.51-i686-1/arm-none-eabi/lib/thumb2/libc.a(lib_a-reent.o)
                0x00005d28                cleanup_glue
                0x00005d44                _reclaim_reent
                0x00005e04                _wrapup_reent
 *fill*         0x00005e3c        0x4 00
 .text          0x00005e40      0x278 /opt/york/cs/net/sourcery-g++-lite-arm-eabi-2010.09.51-i686-1/bin/../lib/gcc/arm-none-eabi/4.5.1/thumb2/libgcc.a(_udivsi3.o)
                0x00005e40                __udivsi3
                0x00005e40                __aeabi_uidiv
                0x0000609c                __aeabi_uidivmod
 .text          0x000060b8        0x4 /opt/york/cs/net/sourcery-g++-lite-arm-eabi-2010.09.51-i686-1/bin/../lib/gcc/arm-none-eabi/4.5.1/thumb2/libgcc.a(_dvmd_tls.o)
                0x000060b8                __aeabi_ldiv0
                0x000060b8                __aeabi_idiv0
 .text          0x000060bc      0x370 /opt/york/cs/net/sourcery-g++-lite-arm-eabi-2010.09.51-i686-1/bin/../lib/gcc/arm-none-eabi/4.5.1/thumb2/libgcc.a(_arm_addsubdf3.o)
                0x000060bc                __aeabi_drsub
                0x000060c4                __aeabi_dsub
                0x000060c4                __subdf3
                0x000060c8                __adddf3
                0x000060c8                __aeabi_dadd
                0x00006340                __aeabi_ui2d
                0x00006340                __floatunsidf
                0x00006360                __floatsidf
                0x00006360                __aeabi_i2d
                0x00006384                __extendsfdf2
                0x00006384                __aeabi_f2d
                0x000063c0                __aeabi_ul2d
                0x000063c0                __floatundidf
                0x000063d0                __floatdidf
                0x000063d0                __aeabi_l2d
 .text          0x0000642c      0x424 /opt/york/cs/net/sourcery-g++-lite-arm-eabi-2010.09.51-i686-1/bin/../lib/gcc/arm-none-eabi/4.5.1/thumb2/libgcc.a(_arm_muldivdf3.o)
                0x0000642c                __aeabi_dmul
                0x0000642c                __muldf3
                0x00006680                __aeabi_ddiv
                0x00006680                __divdf3
 .text          0x00006850      0x110 /opt/york/cs/net/sourcery-g++-lite-arm-eabi-2010.09.51-i686-1/bin/../lib/gcc/arm-none-eabi/4.5.1/thumb2/libgcc.a(_arm_cmpdf2.o)
                0x00006850                __gtdf2
                0x00006850                __gedf2
                0x00006858                __ltdf2
                0x00006858                __ledf2
                0x00006860                __cmpdf2
                0x00006860                __eqdf2
                0x00006860                __nedf2
                0x000068dc                __aeabi_cdrcmple
                0x000068ec                __aeabi_cdcmple
                0x000068ec                __aeabi_cdcmpeq
                0x000068fc                __aeabi_dcmpeq
                0x00006910                __aeabi_dcmplt
                0x00006924                __aeabi_dcmple
                0x00006938                __aeabi_dcmpge
                0x0000694c                __aeabi_dcmpgt
 .text          0x00006960       0x50 /opt/york/cs/net/sourcery-g++-lite-arm-eabi-2010.09.51-i686-1/bin/../lib/gcc/arm-none-eabi/4.5.1/thumb2/libgcc.a(_arm_fixdfsi.o)
                0x00006960                __fixdfsi
                0x00006960                __aeabi_d2iz
 .text          0x000069b0       0x2c /opt/york/cs/net/sourcery-g++-lite-arm-eabi-2010.09.51-i686-1/bin/../lib/gcc/arm-none-eabi/4.5.1/thumb2/libgcc.a(_aeabi_uldivmod.o)
                0x000069b0                __aeabi_uldivmod
 .text          0x000069dc       0x60 /opt/york/cs/net/sourcery-g++-lite-arm-eabi-2010.09.51-i686-1/bin/../lib/gcc/arm-none-eabi/4.5.1/thumb2/libgcc.a(bpabi.o)
                0x000069dc                __gnu_ldivmod_helper
                0x00006a0c                __gnu_uldivmod_helper
 .text          0x00006a3c      0x364 /opt/york/cs/net/sourcery-g++-lite-arm-eabi-2010.09.51-i686-1/bin/../lib/gcc/arm-none-eabi/4.5.1/thumb2/libgcc.a(_divdi3.o)
                0x00006a3c                __divdi3
 .text          0x00006da0      0x314 /opt/york/cs/net/sourcery-g++-lite-arm-eabi-2010.09.51-i686-1/bin/../lib/gcc/arm-none-eabi/4.5.1/thumb2/libgcc.a(_udivdi3.o)
                0x00006da0                __udivdi3
 .text          0x000070b4       0x30 /usr/local/pkg/sourcery-g++-lite-arm-eabi-2010.09.51-i686-1/arm-none-eabi/lib/thumb2/libcs3.a(start_c.o)
                0x000070b4                __cs3_premain
 .text.cs3.init
                0x000070e4       0x50 /usr/local/pkg/sourcery-g++-lite-arm-eabi-2010.09.51-i686-1/arm-none-eabi/lib/thumb2/libcs3.a(start_c.o)
                0x000070e4                __cs3_start_c
 .text          0x00007134       0x40 /usr/local/pkg/sourcery-g++-lite-arm-eabi-2010.09.51-i686-1/arm-none-eabi/lib/thumb2/libcs3unhosted.a(unhosted-sbrk.o)
                0x00007134                _sbrk
 .text          0x00007174        0x0 /usr/local/pkg/sourcery-g++-lite-arm-eabi-2010.09.51-i686-1/arm-none-eabi/lib/thumb2/libcs3unhosted.a(unhosted-start.o)
 .text.cs3.init
                0x00007174       0x10 /usr/local/pkg/sourcery-g++-lite-arm-eabi-2010.09.51-i686-1/arm-none-eabi/lib/thumb2/libcs3unhosted.a(unhosted-start.o)
                0x00007174                _start
 .text          0x00007184        0xc /usr/local/pkg/sourcery-g++-lite-arm-eabi-2010.09.51-i686-1/arm-none-eabi/lib/thumb2/libc.a(lib_a-errno.o)
                0x00007184                __errno
 .text          0x00007190       0x50 /usr/local/pkg/sourcery-g++-lite-arm-eabi-2010.09.51-i686-1/arm-none-eabi/lib/thumb2/libc.a(lib_a-init.o)
                0x00007190                __libc_init_array
 .text          0x000071e0        0x0 /usr/local/pkg/sourcery-g++-lite-arm-eabi-2010.09.51-i686-1/arm-none-eabi/lib/thumb2/libcs3.a(heap.o)
 .text          0x000071e0        0x0 /usr/local/pkg/lpc1700-cmsis-lite-2011.01.26-i686-1/lib/libDriversLPC17xxgnu.a(lpc17xx_can.o)
 .text.can_SetBaudrate
                0x000071e0      0x138 /usr/local/pkg/lpc1700-cmsis-lite-2011.01.26-i686-1/lib/libDriversLPC17xxgnu.a(lpc17xx_can.o)
 .text.CAN_Init
                0x00007318      0x150 /usr/local/pkg/lpc1700-cmsis-lite-2011.01.26-i686-1/lib/libDriversLPC17xxgnu.a(lpc17xx_can.o)
                0x00007318                CAN_Init
 .text.CAN_DeInit
                0x00007468       0x64 /usr/local/pkg/lpc1700-cmsis-lite-2011.01.26-i686-1/lib/libDriversLPC17xxgnu.a(lpc17xx_can.o)
                0x00007468                CAN_DeInit
 .text.CAN_SetupAFLUT
                0x000074cc      0xb60 /usr/local/pkg/lpc1700-cmsis-lite-2011.01.26-i686-1/lib/libDriversLPC17xxgnu.a(lpc17xx_can.o)
                0x000074cc                CAN_SetupAFLUT
 .text.CAN_LoadExplicitEntry
                0x0000802c      0x710 /usr/local/pkg/lpc1700-cmsis-lite-2011.01.26-i686-1/lib/libDriversLPC17xxgnu.a(lpc17xx_can.o)
                0x0000802c                CAN_LoadExplicitEntry
 .text.CAN_LoadFullCANEntry
                0x0000873c      0x6a0 /usr/local/pkg/lpc1700-cmsis-lite-2011.01.26-i686-1/lib/libDriversLPC17xxgnu.a(lpc17xx_can.o)
                0x0000873c                CAN_LoadFullCANEntry
 .text.CAN_LoadGroupEntry
                0x00008ddc      0x634 /usr/local/pkg/lpc1700-cmsis-lite-2011.01.26-i686-1/lib/libDriversLPC17xxgnu.a(lpc17xx_can.o)
                0x00008ddc                CAN_LoadGroupEntry
 .text.CAN_RemoveEntry
                0x00009410      0xa2c /usr/local/pkg/lpc1700-cmsis-lite-2011.01.26-i686-1/lib/libDriversLPC17xxgnu.a(lpc17xx_can.o)
                0x00009410                CAN_RemoveEntry
 .text.CAN_SendMsg
                0x00009e3c      0x38c /usr/local/pkg/lpc1700-cmsis-lite-2011.01.26-i686-1/lib/libDriversLPC17xxgnu.a(lpc17xx_can.o)
                0x00009e3c                CAN_SendMsg
 .text.CAN_ReceiveMsg
                0x0000a1c8      0x140 /usr/local/pkg/lpc1700-cmsis-lite-2011.01.26-i686-1/lib/libDriversLPC17xxgnu.a(lpc17xx_can.o)
                0x0000a1c8                CAN_ReceiveMsg
 .text.FCAN_ReadObj
                0x0000a308      0x200 /usr/local/pkg/lpc1700-cmsis-lite-2011.01.26-i686-1/lib/libDriversLPC17xxgnu.a(lpc17xx_can.o)
                0x0000a308                FCAN_ReadObj
 .text.CAN_GetCTRLStatus
                0x0000a508       0x90 /usr/local/pkg/lpc1700-cmsis-lite-2011.01.26-i686-1/lib/libDriversLPC17xxgnu.a(lpc17xx_can.o)
                0x0000a508                CAN_GetCTRLStatus
 .text.CAN_GetCRStatus
                0x0000a598       0x74 /usr/local/pkg/lpc1700-cmsis-lite-2011.01.26-i686-1/lib/libDriversLPC17xxgnu.a(lpc17xx_can.o)
                0x0000a598                CAN_GetCRStatus
 .text.CAN_IRQCmd
                0x0000a60c      0x154 /usr/local/pkg/lpc1700-cmsis-lite-2011.01.26-i686-1/lib/libDriversLPC17xxgnu.a(lpc17xx_can.o)
                0x0000a60c                CAN_IRQCmd
 .text.CAN_SetAFMode
                0x0000a760       0xa0 /usr/local/pkg/lpc1700-cmsis-lite-2011.01.26-i686-1/lib/libDriversLPC17xxgnu.a(lpc17xx_can.o)
                0x0000a760                CAN_SetAFMode
 .text.CAN_ModeConfig
                0x0000a800      0x1f8 /usr/local/pkg/lpc1700-cmsis-lite-2011.01.26-i686-1/lib/libDriversLPC17xxgnu.a(lpc17xx_can.o)
                0x0000a800                CAN_ModeConfig
 .text.CAN_SetCommand
                0x0000a9f8       0x4c /usr/local/pkg/lpc1700-cmsis-lite-2011.01.26-i686-1/lib/libDriversLPC17xxgnu.a(lpc17xx_can.o)
                0x0000a9f8                CAN_SetCommand
 .text.CAN_IntGetStatus
                0x0000aa44       0x44 /usr/local/pkg/lpc1700-cmsis-lite-2011.01.26-i686-1/lib/libDriversLPC17xxgnu.a(lpc17xx_can.o)
                0x0000aa44                CAN_IntGetStatus
 .text.CAN_FullCANIntGetStatus
                0x0000aa88       0x44 /usr/local/pkg/lpc1700-cmsis-lite-2011.01.26-i686-1/lib/libDriversLPC17xxgnu.a(lpc17xx_can.o)
                0x0000aa88                CAN_FullCANIntGetStatus
 .text.CAN_FullCANPendGetStatus
                0x0000aacc       0x60 /usr/local/pkg/lpc1700-cmsis-lite-2011.01.26-i686-1/lib/libDriversLPC17xxgnu.a(lpc17xx_can.o)
                0x0000aacc                CAN_FullCANPendGetStatus
 .text          0x0000ab2c        0x0 /usr/local/pkg/lpc1700-cmsis-lite-2011.01.26-i686-1/lib/libDriversLPC17xxgnu.a(lpc17xx_clkpwr.o)
 .text.CLKPWR_SetPCLKDiv
                0x0000ab2c       0xd4 /usr/local/pkg/lpc1700-cmsis-lite-2011.01.26-i686-1/lib/libDriversLPC17xxgnu.a(lpc17xx_clkpwr.o)
                0x0000ab2c                CLKPWR_SetPCLKDiv
 .text.CLKPWR_GetPCLKSEL
                0x0000ac00       0x54 /usr/local/pkg/lpc1700-cmsis-lite-2011.01.26-i686-1/lib/libDriversLPC17xxgnu.a(lpc17xx_clkpwr.o)
                0x0000ac00                CLKPWR_GetPCLKSEL
 .text.CLKPWR_GetPCLK
                0x0000ac54       0x70 /usr/local/pkg/lpc1700-cmsis-lite-2011.01.26-i686-1/lib/libDriversLPC17xxgnu.a(lpc17xx_clkpwr.o)
                0x0000ac54                CLKPWR_GetPCLK
 .text.CLKPWR_ConfigPPWR
                0x0000acc4       0x80 /usr/local/pkg/lpc1700-cmsis-lite-2011.01.26-i686-1/lib/libDriversLPC17xxgnu.a(lpc17xx_clkpwr.o)
                0x0000acc4                CLKPWR_ConfigPPWR
 .text.CLKPWR_Sleep
                0x0000ad44       0x1c /usr/local/pkg/lpc1700-cmsis-lite-2011.01.26-i686-1/lib/libDriversLPC17xxgnu.a(lpc17xx_clkpwr.o)
                0x0000ad44                CLKPWR_Sleep
 .text.CLKPWR_DeepSleep
                0x0000ad60       0x2c /usr/local/pkg/lpc1700-cmsis-lite-2011.01.26-i686-1/lib/libDriversLPC17xxgnu.a(lpc17xx_clkpwr.o)
                0x0000ad60                CLKPWR_DeepSleep
 .text.CLKPWR_PowerDown
                0x0000ad8c       0x2c /usr/local/pkg/lpc1700-cmsis-lite-2011.01.26-i686-1/lib/libDriversLPC17xxgnu.a(lpc17xx_clkpwr.o)
                0x0000ad8c                CLKPWR_PowerDown
 .text.CLKPWR_DeepPowerDown
                0x0000adb8       0x2c /usr/local/pkg/lpc1700-cmsis-lite-2011.01.26-i686-1/lib/libDriversLPC17xxgnu.a(lpc17xx_clkpwr.o)
                0x0000adb8                CLKPWR_DeepPowerDown
 .text          0x0000ade4        0x0 /usr/local/pkg/lpc1700-cmsis-lite-2011.01.26-i686-1/lib/libDriversLPC17xxgnu.a(lpc17xx_libcfg_default.o)
 .text.check_failed
                0x0000ade4        0xc /usr/local/pkg/lpc1700-cmsis-lite-2011.01.26-i686-1/lib/libDriversLPC17xxgnu.a(lpc17xx_libcfg_default.o)
                0x0000ade4                check_failed
 .text          0x0000adf0        0x0 /usr/local/pkg/lpc1700-cmsis-lite-2011.01.26-i686-1/lib/libDriversLPC17xxgnu.a(lpc17xx_pinsel.o)
 .text.set_PinFunc
                0x0000adf0       0xa0 /usr/local/pkg/lpc1700-cmsis-lite-2011.01.26-i686-1/lib/libDriversLPC17xxgnu.a(lpc17xx_pinsel.o)
 .text.set_ResistorMode
                0x0000ae90       0xa0 /usr/local/pkg/lpc1700-cmsis-lite-2011.01.26-i686-1/lib/libDriversLPC17xxgnu.a(lpc17xx_pinsel.o)
 .text.set_OpenDrainMode
                0x0000af30       0x80 /usr/local/pkg/lpc1700-cmsis-lite-2011.01.26-i686-1/lib/libDriversLPC17xxgnu.a(lpc17xx_pinsel.o)
 .text.PINSEL_ConfigTraceFunc
                0x0000afb0       0x54 /usr/local/pkg/lpc1700-cmsis-lite-2011.01.26-i686-1/lib/libDriversLPC17xxgnu.a(lpc17xx_pinsel.o)
                0x0000afb0                PINSEL_ConfigTraceFunc
 .text.PINSEL_SetI2C0Pins
                0x0000b004       0x3c /usr/local/pkg/lpc1700-cmsis-lite-2011.01.26-i686-1/lib/libDriversLPC17xxgnu.a(lpc17xx_pinsel.o)
                0x0000b004                PINSEL_SetI2C0Pins
 .text.PINSEL_ConfigPin
                0x0000b040       0x54 /usr/local/pkg/lpc1700-cmsis-lite-2011.01.26-i686-1/lib/libDriversLPC17xxgnu.a(lpc17xx_pinsel.o)
                0x0000b040                PINSEL_ConfigPin
 .text          0x0000b094        0x0 /usr/local/pkg/lpc1700-cmsis-lite-2011.01.26-i686-1/lib/libDriversLPC17xxgnu.a(lpc17xx_uart.o)
 .text.uart_set_divisors
                0x0000b094      0x26c /usr/local/pkg/lpc1700-cmsis-lite-2011.01.26-i686-1/lib/libDriversLPC17xxgnu.a(lpc17xx_uart.o)
 .text.UART_Init
                0x0000b300      0x368 /usr/local/pkg/lpc1700-cmsis-lite-2011.01.26-i686-1/lib/libDriversLPC17xxgnu.a(lpc17xx_uart.o)
                0x0000b300                UART_Init
 .text.UART_DeInit
                0x0000b668       0xcc /usr/local/pkg/lpc1700-cmsis-lite-2011.01.26-i686-1/lib/libDriversLPC17xxgnu.a(lpc17xx_uart.o)
                0x0000b668                UART_DeInit
 .text.UART_ConfigStructInit
                0x0000b734       0x34 /usr/local/pkg/lpc1700-cmsis-lite-2011.01.26-i686-1/lib/libDriversLPC17xxgnu.a(lpc17xx_uart.o)
                0x0000b734                UART_ConfigStructInit
 .text.UART_SendByte
                0x0000b768       0x78 /usr/local/pkg/lpc1700-cmsis-lite-2011.01.26-i686-1/lib/libDriversLPC17xxgnu.a(lpc17xx_uart.o)
                0x0000b768                UART_SendByte
 .text.UART_ReceiveByte
                0x0000b7e0       0x78 /usr/local/pkg/lpc1700-cmsis-lite-2011.01.26-i686-1/lib/libDriversLPC17xxgnu.a(lpc17xx_uart.o)
                0x0000b7e0                UART_ReceiveByte
 .text.UART_Send
                0x0000b858      0x10c /usr/local/pkg/lpc1700-cmsis-lite-2011.01.26-i686-1/lib/libDriversLPC17xxgnu.a(lpc17xx_uart.o)
                0x0000b858                UART_Send
 .text.UART_Receive
                0x0000b964       0xd8 /usr/local/pkg/lpc1700-cmsis-lite-2011.01.26-i686-1/lib/libDriversLPC17xxgnu.a(lpc17xx_uart.o)
                0x0000b964                UART_Receive
 .text.UART_ForceBreak
                0x0000ba3c       0x88 /usr/local/pkg/lpc1700-cmsis-lite-2011.01.26-i686-1/lib/libDriversLPC17xxgnu.a(lpc17xx_uart.o)
                0x0000ba3c                UART_ForceBreak
 .text.UART_IntConfig
                0x0000bac4      0x1d0 /usr/local/pkg/lpc1700-cmsis-lite-2011.01.26-i686-1/lib/libDriversLPC17xxgnu.a(lpc17xx_uart.o)
                0x0000bac4                UART_IntConfig
 .text.UART_GetLineStatus
                0x0000bc94       0x7c /usr/local/pkg/lpc1700-cmsis-lite-2011.01.26-i686-1/lib/libDriversLPC17xxgnu.a(lpc17xx_uart.o)
                0x0000bc94                UART_GetLineStatus
 .text.UART_GetIntId
                0x0000bd10       0x68 /usr/local/pkg/lpc1700-cmsis-lite-2011.01.26-i686-1/lib/libDriversLPC17xxgnu.a(lpc17xx_uart.o)
                0x0000bd10                UART_GetIntId
 .text.UART_CheckBusy
                0x0000bd78       0x2c /usr/local/pkg/lpc1700-cmsis-lite-2011.01.26-i686-1/lib/libDriversLPC17xxgnu.a(lpc17xx_uart.o)
                0x0000bd78                UART_CheckBusy
 .text.UART_FIFOConfig
                0x0000bda4      0x184 /usr/local/pkg/lpc1700-cmsis-lite-2011.01.26-i686-1/lib/libDriversLPC17xxgnu.a(lpc17xx_uart.o)
                0x0000bda4                UART_FIFOConfig
 .text.UART_FIFOConfigStructInit
                0x0000bf28       0x34 /usr/local/pkg/lpc1700-cmsis-lite-2011.01.26-i686-1/lib/libDriversLPC17xxgnu.a(lpc17xx_uart.o)
                0x0000bf28                UART_FIFOConfigStructInit
 .text.UART_ABCmd
                0x0000bf5c      0x15c /usr/local/pkg/lpc1700-cmsis-lite-2011.01.26-i686-1/lib/libDriversLPC17xxgnu.a(lpc17xx_uart.o)
                0x0000bf5c                UART_ABCmd
 .text.UART_ABClearIntPending
                0x0000c0b8       0x88 /usr/local/pkg/lpc1700-cmsis-lite-2011.01.26-i686-1/lib/libDriversLPC17xxgnu.a(lpc17xx_uart.o)
                0x0000c0b8                UART_ABClearIntPending
 .text.UART_TxCmd
                0x0000c140       0xe8 /usr/local/pkg/lpc1700-cmsis-lite-2011.01.26-i686-1/lib/libDriversLPC17xxgnu.a(lpc17xx_uart.o)
                0x0000c140                UART_TxCmd
 .text.UART_IrDAInvtInputCmd
                0x0000c228       0x84 /usr/local/pkg/lpc1700-cmsis-lite-2011.01.26-i686-1/lib/libDriversLPC17xxgnu.a(lpc17xx_uart.o)
                0x0000c228                UART_IrDAInvtInputCmd
 .text.UART_IrDACmd
                0x0000c2ac       0x80 /usr/local/pkg/lpc1700-cmsis-lite-2011.01.26-i686-1/lib/libDriversLPC17xxgnu.a(lpc17xx_uart.o)
                0x0000c2ac                UART_IrDACmd
 .text.UART_IrDAPulseDivConfig
                0x0000c32c       0xac /usr/local/pkg/lpc1700-cmsis-lite-2011.01.26-i686-1/lib/libDriversLPC17xxgnu.a(lpc17xx_uart.o)
                0x0000c32c                UART_IrDAPulseDivConfig
 .text.UART_FullModemForcePinState
                0x0000c3d8       0xcc /usr/local/pkg/lpc1700-cmsis-lite-2011.01.26-i686-1/lib/libDriversLPC17xxgnu.a(lpc17xx_uart.o)
                0x0000c3d8                UART_FullModemForcePinState
 .text.UART_FullModemConfigMode
                0x0000c4a4       0xd8 /usr/local/pkg/lpc1700-cmsis-lite-2011.01.26-i686-1/lib/libDriversLPC17xxgnu.a(lpc17xx_uart.o)
                0x0000c4a4                UART_FullModemConfigMode
 .text.UART_FullModemGetStatus
                0x0000c57c       0x38 /usr/local/pkg/lpc1700-cmsis-lite-2011.01.26-i686-1/lib/libDriversLPC17xxgnu.a(lpc17xx_uart.o)
                0x0000c57c                UART_FullModemGetStatus
 .text.UART_RS485Config
                0x0000c5b4      0x1bc /usr/local/pkg/lpc1700-cmsis-lite-2011.01.26-i686-1/lib/libDriversLPC17xxgnu.a(lpc17xx_uart.o)
                0x0000c5b4                UART_RS485Config
 .text.UART_RS485ReceiverCmd
                0x0000c770       0x48 /usr/local/pkg/lpc1700-cmsis-lite-2011.01.26-i686-1/lib/libDriversLPC17xxgnu.a(lpc17xx_uart.o)
                0x0000c770                UART_RS485ReceiverCmd
 .text.UART_RS485Send
                0x0000c7b8       0x84 /usr/local/pkg/lpc1700-cmsis-lite-2011.01.26-i686-1/lib/libDriversLPC17xxgnu.a(lpc17xx_uart.o)
                0x0000c7b8                UART_RS485Send
 .text.UART_RS485SendSlvAddr
                0x0000c83c       0x28 /usr/local/pkg/lpc1700-cmsis-lite-2011.01.26-i686-1/lib/libDriversLPC17xxgnu.a(lpc17xx_uart.o)
                0x0000c83c                UART_RS485SendSlvAddr
 .text.UART_RS485SendData
                0x0000c864       0x28 /usr/local/pkg/lpc1700-cmsis-lite-2011.01.26-i686-1/lib/libDriversLPC17xxgnu.a(lpc17xx_uart.o)
                0x0000c864                UART_RS485SendData
 .text          0x0000c88c        0x0 /opt/york/cs/net/sourcery-g++-lite-arm-eabi-2010.09.51-i686-1/bin/../lib/gcc/arm-none-eabi/4.5.1/thumb2/crtend.o
 .text          0x0000c88c        0x0 /opt/york/cs/net/sourcery-g++-lite-arm-eabi-2010.09.51-i686-1/bin/../lib/gcc/arm-none-eabi/4.5.1/thumb2/crtn.o
 *(.plt)
 *(.gnu.warning)
 *(.glue_7t)
 .glue_7t       0x00000000        0x0 linker stubs
 *(.glue_7)
 .glue_7        0x00000000        0x0 linker stubs
 *(.vfp11_veneer)
 .vfp11_veneer  0x00000000        0x0 linker stubs
 *(.rodata .rodata.* .gnu.linkonce.r.*)
 .rodata        0x0000c88c       0xa0 can_print.o
 .rodata        0x0000c92c       0x78 ../can.o
 .rodata        0x0000c9a4       0x20 /usr/local/pkg/sourcery-g++-lite-arm-eabi-2010.09.51-i686-1/arm-none-eabi/lib/thumb2/libc.a(lib_a-svfprintf.o)
 .rodata.str1.4
                0x0000c9c4       0x42 /usr/local/pkg/sourcery-g++-lite-arm-eabi-2010.09.51-i686-1/arm-none-eabi/lib/thumb2/libc.a(lib_a-svfprintf.o)
                                 0x44 (size before relaxing)
 *fill*         0x0000ca06        0x2 00
 .rodata.str1.4
                0x0000ca08       0x10 /usr/local/pkg/sourcery-g++-lite-arm-eabi-2010.09.51-i686-1/arm-none-eabi/lib/thumb2/libc.a(lib_a-dtoa.o)
                                 0x14 (size before relaxing)
 .rodata        0x0000ca18        0x4 /usr/local/pkg/sourcery-g++-lite-arm-eabi-2010.09.51-i686-1/arm-none-eabi/lib/thumb2/libc.a(lib_a-impure.o)
                0x0000ca18                _global_impure_ptr
 .rodata.str1.4
                0x0000ca1c        0x2 /usr/local/pkg/sourcery-g++-lite-arm-eabi-2010.09.51-i686-1/arm-none-eabi/lib/thumb2/libc.a(lib_a-impure.o)
                                  0x4 (size before relaxing)
 *fill*         0x0000ca1e        0x2 00
 .rodata.str1.4
                0x0000ca20        0xc /usr/local/pkg/sourcery-g++-lite-arm-eabi-2010.09.51-i686-1/arm-none-eabi/lib/thumb2/libc.a(lib_a-locale.o)
                                 0x14 (size before relaxing)
 *fill*         0x0000ca2c        0x4 00
 .rodata        0x0000ca30      0x128 /usr/local/pkg/sourcery-g++-lite-arm-eabi-2010.09.51-i686-1/arm-none-eabi/lib/thumb2/libc.a(lib_a-mprec.o)
                0x0000ca40                __mprec_tens
                0x0000cb08                __mprec_bigtens
                0x0000cb30                __mprec_tinytens
 .rodata        0x0000cb58       0x20 /usr/local/pkg/sourcery-g++-lite-arm-eabi-2010.09.51-i686-1/arm-none-eabi/lib/thumb2/libc.a(lib_a-svfiprintf.o)
 .rodata.str1.4
                0x00000000       0x30 /usr/local/pkg/sourcery-g++-lite-arm-eabi-2010.09.51-i686-1/arm-none-eabi/lib/thumb2/libc.a(lib_a-svfiprintf.o)
 .rodata        0x0000cb78       0x10 /usr/local/pkg/lpc1700-cmsis-lite-2011.01.26-i686-1/lib/libDriversLPC17xxgnu.a(lpc17xx_can.o)
 .rodata        0x0000cb88       0x10 /usr/local/pkg/lpc1700-cmsis-lite-2011.01.26-i686-1/lib/libDriversLPC17xxgnu.a(lpc17xx_uart.o)
 *(.ARM.extab* .gnu.linkonce.armextab.*)
 .ARM.extab.cs3.reset
                0x0000cb98        0x0 /usr/local/pkg/lpc1700-cmsis-lite-2011.01.26-i686-1/lib/startup_LPC17xx.o
 .ARM.extab     0x0000cb98        0x0 /opt/york/cs/net/sourcery-g++-lite-arm-eabi-2010.09.51-i686-1/bin/../lib/gcc/arm-none-eabi/4.5.1/thumb2/libgcc.a(_divdi3.o)
 .ARM.extab     0x0000cb98        0x0 /opt/york/cs/net/sourcery-g++-lite-arm-eabi-2010.09.51-i686-1/bin/../lib/gcc/arm-none-eabi/4.5.1/thumb2/libgcc.a(_udivdi3.o)
 *(.gcc_except_table)
 *(.eh_frame_hdr)
 *(.eh_frame)
                0x0000cb98                . = ALIGN (0x4)
 *(.init)
 .init          0x0000cb98        0x4 /opt/york/cs/net/sourcery-g++-lite-arm-eabi-2010.09.51-i686-1/bin/../lib/gcc/arm-none-eabi/4.5.1/thumb2/crti.o
                0x0000cb98                _init
 .init          0x0000cb9c        0x8 /opt/york/cs/net/sourcery-g++-lite-arm-eabi-2010.09.51-i686-1/bin/../lib/gcc/arm-none-eabi/4.5.1/thumb2/crtn.o
                0x0000cba4                . = ALIGN (0x4)
                0x0000cba4                __preinit_array_start = .
 *(.preinit_array)
                0x0000cba4                __preinit_array_end = .
                0x0000cba4                . = ALIGN (0x4)
                0x0000cba4                __init_array_start = .
 *(SORT(.init_array.*))
 *(.init_array)
 .init_array    0x0000cba4        0x4 /opt/york/cs/net/sourcery-g++-lite-arm-eabi-2010.09.51-i686-1/bin/../lib/gcc/arm-none-eabi/4.5.1/thumb2/crtbegin.o
                0x0000cba8                __init_array_end = .
                0x0000cba8                . = ALIGN (0x4)
 *crtbegin.o(.ctors)
 *(EXCLUDE_FILE(*crtend.o) .ctors)
 *(SORT(.ctors.*))
 *crtend.o(.ctors)
                0x0000cba8                . = ALIGN (0x4)
 *(.fini)
 .fini          0x0000cba8        0x4 /opt/york/cs/net/sourcery-g++-lite-arm-eabi-2010.09.51-i686-1/bin/../lib/gcc/arm-none-eabi/4.5.1/thumb2/crti.o
                0x0000cba8                _fini
 .fini          0x0000cbac        0x8 /opt/york/cs/net/sourcery-g++-lite-arm-eabi-2010.09.51-i686-1/bin/../lib/gcc/arm-none-eabi/4.5.1/thumb2/crtn.o
                0x0000cbb4                . = ALIGN (0x4)
                0x0000cbb4                __fini_array_start = .
 *(.fini_array)
 .fini_array    0x0000cbb4        0x4 /opt/york/cs/net/sourcery-g++-lite-arm-eabi-2010.09.51-i686-1/bin/../lib/gcc/arm-none-eabi/4.5.1/thumb2/crtbegin.o
 *(SORT(.fini_array.*))
                0x0000cbb8                __fini_array_end = .
 *crtbegin.o(.dtors)
 *(EXCLUDE_FILE(*crtend.o) .dtors)
 *(SORT(.dtors.*))
 *crtend.o(.dtors)
                0x0000cbb8                . = ALIGN (0x4)
                0x0000cbb8                __cs3_regions = .
                0x0000cbb8        0x4 LONG 0x0
                0x0000cbbc        0x4 LONG 0xcbd8 __cs3_region_init_ram
                0x0000cbc0        0x4 LONG 0x10000000 __cs3_region_start_ram
                0x0000cbc4        0x4 LONG 0x598 __cs3_region_init_size_ram
                0x0000cbc8        0x4 LONG 0x80 __cs3_region_zero_size_ram
                0x0000cbcc                __exidx_start = .

.v4_bx          0x0000cbcc        0x0
 .v4_bx         0x00000000        0x0 linker stubs

.ARM.exidx      0x0000cbcc        0x8
 *(.ARM.exidx* .gnu.linkonce.armexidx.*)
 .ARM.exidx.cs3.reset
                0x0000cbcc        0x8 /usr/local/pkg/lpc1700-cmsis-lite-2011.01.26-i686-1/lib/startup_LPC17xx.o
 .ARM.exidx     0x0000cbd4        0x0 /opt/york/cs/net/sourcery-g++-lite-arm-eabi-2010.09.51-i686-1/bin/../lib/gcc/arm-none-eabi/4.5.1/thumb2/libgcc.a(_divdi3.o)
                                  0x8 (size before relaxing)
 .ARM.exidx     0x0000cbd4        0x0 /opt/york/cs/net/sourcery-g++-lite-arm-eabi-2010.09.51-i686-1/bin/../lib/gcc/arm-none-eabi/4.5.1/thumb2/libgcc.a(_udivdi3.o)
                                  0x8 (size before relaxing)
                0x0000cbd4                __exidx_end = .

.text.align     0x0000cbd4        0x4
                0x0000cbd8                . = ALIGN (0x8)
 *fill*         0x0000cbd4        0x4 00
                0x0000cbd8                _etext = .
                0x00080000                __cs3_region_size_rom = 0x80000
                0x00000001                __cs3_region_num = 0x1

.data           0x10000000      0x598 load address 0x0000cbd8
                0x10000000                __cs3_region_start_ram = .
 *(.cs3.region-head.ram)
 *(.jcr)
 .jcr           0x10000000        0x0 /opt/york/cs/net/sourcery-g++-lite-arm-eabi-2010.09.51-i686-1/bin/../lib/gcc/arm-none-eabi/4.5.1/thumb2/crtbegin.o
 .jcr           0x10000000        0x4 /opt/york/cs/net/sourcery-g++-lite-arm-eabi-2010.09.51-i686-1/bin/../lib/gcc/arm-none-eabi/4.5.1/thumb2/crtend.o
 *(.got.plt)
 *(.got)
 *(.shdata)
 *(.data .data.* .gnu.linkonce.d.*)
 .data          0x10000004        0x0 /opt/york/cs/net/sourcery-g++-lite-arm-eabi-2010.09.51-i686-1/bin/../lib/gcc/arm-none-eabi/4.5.1/thumb2/crti.o
 .data          0x10000004        0x4 /opt/york/cs/net/sourcery-g++-lite-arm-eabi-2010.09.51-i686-1/bin/../lib/gcc/arm-none-eabi/4.5.1/thumb2/crtbegin.o
                0x10000004                __dso_handle
 .data          0x10000008        0x0 can_print.o
 .data          0x10000008        0x0 ../can.o
 .data          0x10000008        0x0 ../../UART/uart.o
 .data          0x10000008        0x0 /usr/local/pkg/lpc1700-cmsis-lite-2011.01.26-i686-1/lib/core_cm3.o
 .data          0x10000008        0x0 /usr/local/pkg/lpc1700-cmsis-lite-2011.01.26-i686-1/lib/system_LPC17xx.o
 .data.SystemCoreClock
                0x10000008        0x4 /usr/local/pkg/lpc1700-cmsis-lite-2011.01.26-i686-1/lib/system_LPC17xx.o
                0x10000008                SystemCoreClock
 .data          0x1000000c        0x0 /usr/local/pkg/lpc1700-cmsis-lite-2011.01.26-i686-1/lib/startup_LPC17xx.o
 .data          0x1000000c        0x0 /usr/local/pkg/sourcery-g++-lite-arm-eabi-2010.09.51-i686-1/arm-none-eabi/lib/thumb2/libc.a(lib_a-sprintf.o)
 .data          0x1000000c        0x0 /usr/local/pkg/sourcery-g++-lite-arm-eabi-2010.09.51-i686-1/arm-none-eabi/lib/thumb2/libc.a(lib_a-svfprintf.o)
 .data          0x1000000c        0x0 /usr/local/pkg/sourcery-g++-lite-arm-eabi-2010.09.51-i686-1/arm-none-eabi/lib/thumb2/libc.a(lib_a-dtoa.o)
 .data          0x1000000c       0xf4 /usr/local/pkg/sourcery-g++-lite-arm-eabi-2010.09.51-i686-1/arm-none-eabi/lib/thumb2/libc.a(lib_a-impure.o)
                0x1000000c                _impure_ptr
 .data          0x10000100       0x7c /usr/local/pkg/sourcery-g++-lite-arm-eabi-2010.09.51-i686-1/arm-none-eabi/lib/thumb2/libc.a(lib_a-locale.o)
                0x10000120                __mb_cur_max
 .data          0x1000017c        0x0 /usr/local/pkg/sourcery-g++-lite-arm-eabi-2010.09.51-i686-1/arm-none-eabi/lib/thumb2/libc.a(lib_a-malloc.o)
 .data          0x1000017c      0x410 /usr/local/pkg/sourcery-g++-lite-arm-eabi-2010.09.51-i686-1/arm-none-eabi/lib/thumb2/libc.a(lib_a-mallocr.o)
                0x1000017c                __malloc_av_
                0x10000584                __malloc_sbrk_base
                0x10000588                __malloc_trim_threshold
 .data          0x1000058c        0x0 /usr/local/pkg/sourcery-g++-lite-arm-eabi-2010.09.51-i686-1/arm-none-eabi/lib/thumb2/libc.a(lib_a-memchr.o)
 .data          0x1000058c        0x0 /usr/local/pkg/sourcery-g++-lite-arm-eabi-2010.09.51-i686-1/arm-none-eabi/lib/thumb2/libc.a(lib_a-memcpy.o)
 .data          0x1000058c        0x0 /usr/local/pkg/sourcery-g++-lite-arm-eabi-2010.09.51-i686-1/arm-none-eabi/lib/thumb2/libc.a(lib_a-mlock.o)
 .data          0x1000058c        0x0 /usr/local/pkg/sourcery-g++-lite-arm-eabi-2010.09.51-i686-1/arm-none-eabi/lib/thumb2/libc.a(lib_a-mprec.o)
 .data          0x1000058c        0x0 /usr/local/pkg/sourcery-g++-lite-arm-eabi-2010.09.51-i686-1/arm-none-eabi/lib/thumb2/libc.a(lib_a-s_fpclassify.o)
 .data          0x1000058c        0x0 /usr/local/pkg/sourcery-g++-lite-arm-eabi-2010.09.51-i686-1/arm-none-eabi/lib/thumb2/libc.a(lib_a-sbrkr.o)
 .data          0x1000058c        0x0 /usr/local/pkg/sourcery-g++-lite-arm-eabi-2010.09.51-i686-1/arm-none-eabi/lib/thumb2/libc.a(lib_a-strcmp.o)
 .data          0x1000058c        0x0 /usr/local/pkg/sourcery-g++-lite-arm-eabi-2010.09.51-i686-1/arm-none-eabi/lib/thumb2/libc.a(lib_a-strlen.o)
 .data          0x1000058c        0x0 /usr/local/pkg/sourcery-g++-lite-arm-eabi-2010.09.51-i686-1/arm-none-eabi/lib/thumb2/libc.a(lib_a-svfiprintf.o)
 .data          0x1000058c        0x0 /usr/local/pkg/sourcery-g++-lite-arm-eabi-2010.09.51-i686-1/arm-none-eabi/lib/thumb2/libc.a(lib_a-callocr.o)
 .data          0x1000058c        0x0 /usr/local/pkg/sourcery-g++-lite-arm-eabi-2010.09.51-i686-1/arm-none-eabi/lib/thumb2/libc.a(lib_a-freer.o)
 .data          0x1000058c        0x0 /usr/local/pkg/sourcery-g++-lite-arm-eabi-2010.09.51-i686-1/arm-none-eabi/lib/thumb2/libc.a(lib_a-memmove.o)
 .data          0x1000058c        0x0 /usr/local/pkg/sourcery-g++-lite-arm-eabi-2010.09.51-i686-1/arm-none-eabi/lib/thumb2/libc.a(lib_a-memset.o)
 .data          0x1000058c        0x0 /usr/local/pkg/sourcery-g++-lite-arm-eabi-2010.09.51-i686-1/arm-none-eabi/lib/thumb2/libc.a(lib_a-reallocr.o)
 .data          0x1000058c        0x0 /usr/local/pkg/sourcery-g++-lite-arm-eabi-2010.09.51-i686-1/arm-none-eabi/lib/thumb2/libc.a(lib_a-reent.o)
 .data          0x1000058c        0x0 /opt/york/cs/net/sourcery-g++-lite-arm-eabi-2010.09.51-i686-1/bin/../lib/gcc/arm-none-eabi/4.5.1/thumb2/libgcc.a(_udivsi3.o)
 .data          0x1000058c        0x0 /opt/york/cs/net/sourcery-g++-lite-arm-eabi-2010.09.51-i686-1/bin/../lib/gcc/arm-none-eabi/4.5.1/thumb2/libgcc.a(_dvmd_tls.o)
 .data          0x1000058c        0x0 /opt/york/cs/net/sourcery-g++-lite-arm-eabi-2010.09.51-i686-1/bin/../lib/gcc/arm-none-eabi/4.5.1/thumb2/libgcc.a(_arm_addsubdf3.o)
 .data          0x1000058c        0x0 /opt/york/cs/net/sourcery-g++-lite-arm-eabi-2010.09.51-i686-1/bin/../lib/gcc/arm-none-eabi/4.5.1/thumb2/libgcc.a(_arm_muldivdf3.o)
 .data          0x1000058c        0x0 /opt/york/cs/net/sourcery-g++-lite-arm-eabi-2010.09.51-i686-1/bin/../lib/gcc/arm-none-eabi/4.5.1/thumb2/libgcc.a(_arm_cmpdf2.o)
 .data          0x1000058c        0x0 /opt/york/cs/net/sourcery-g++-lite-arm-eabi-2010.09.51-i686-1/bin/../lib/gcc/arm-none-eabi/4.5.1/thumb2/libgcc.a(_arm_fixdfsi.o)
 .data          0x1000058c        0x0 /opt/york/cs/net/sourcery-g++-lite-arm-eabi-2010.09.51-i686-1/bin/../lib/gcc/arm-none-eabi/4.5.1/thumb2/libgcc.a(_aeabi_uldivmod.o)
 .data          0x1000058c        0x0 /opt/york/cs/net/sourcery-g++-lite-arm-eabi-2010.09.51-i686-1/bin/../lib/gcc/arm-none-eabi/4.5.1/thumb2/libgcc.a(bpabi.o)
 .data          0x1000058c        0x0 /opt/york/cs/net/sourcery-g++-lite-arm-eabi-2010.09.51-i686-1/bin/../lib/gcc/arm-none-eabi/4.5.1/thumb2/libgcc.a(_divdi3.o)
 .data          0x1000058c        0x0 /opt/york/cs/net/sourcery-g++-lite-arm-eabi-2010.09.51-i686-1/bin/../lib/gcc/arm-none-eabi/4.5.1/thumb2/libgcc.a(_udivdi3.o)
 .data          0x1000058c        0x0 /usr/local/pkg/sourcery-g++-lite-arm-eabi-2010.09.51-i686-1/arm-none-eabi/lib/thumb2/libcs3.a(start_c.o)
 .data          0x1000058c        0x4 /usr/local/pkg/sourcery-g++-lite-arm-eabi-2010.09.51-i686-1/arm-none-eabi/lib/thumb2/libcs3unhosted.a(unhosted-sbrk.o)
 .data          0x10000590        0x0 /usr/local/pkg/sourcery-g++-lite-arm-eabi-2010.09.51-i686-1/arm-none-eabi/lib/thumb2/libcs3unhosted.a(unhosted-start.o)
 .data          0x10000590        0x0 /usr/local/pkg/sourcery-g++-lite-arm-eabi-2010.09.51-i686-1/arm-none-eabi/lib/thumb2/libc.a(lib_a-errno.o)
 .data          0x10000590        0x0 /usr/local/pkg/sourcery-g++-lite-arm-eabi-2010.09.51-i686-1/arm-none-eabi/lib/thumb2/libc.a(lib_a-init.o)
 .data          0x10000590        0x4 /usr/local/pkg/sourcery-g++-lite-arm-eabi-2010.09.51-i686-1/arm-none-eabi/lib/thumb2/libcs3.a(heap.o)
                0x10000590                __cs3_heap_limit
 .data          0x10000594        0x0 /usr/local/pkg/lpc1700-cmsis-lite-2011.01.26-i686-1/lib/libDriversLPC17xxgnu.a(lpc17xx_can.o)
 .data          0x10000594        0x0 /usr/local/pkg/lpc1700-cmsis-lite-2011.01.26-i686-1/lib/libDriversLPC17xxgnu.a(lpc17xx_clkpwr.o)
 .data          0x10000594        0x0 /usr/local/pkg/lpc1700-cmsis-lite-2011.01.26-i686-1/lib/libDriversLPC17xxgnu.a(lpc17xx_libcfg_default.o)
 .data          0x10000594        0x0 /usr/local/pkg/lpc1700-cmsis-lite-2011.01.26-i686-1/lib/libDriversLPC17xxgnu.a(lpc17xx_pinsel.o)
 .data          0x10000594        0x0 /usr/local/pkg/lpc1700-cmsis-lite-2011.01.26-i686-1/lib/libDriversLPC17xxgnu.a(lpc17xx_uart.o)
 .data          0x10000594        0x0 /opt/york/cs/net/sourcery-g++-lite-arm-eabi-2010.09.51-i686-1/bin/../lib/gcc/arm-none-eabi/4.5.1/thumb2/crtend.o
 .data          0x10000594        0x0 /opt/york/cs/net/sourcery-g++-lite-arm-eabi-2010.09.51-i686-1/bin/../lib/gcc/arm-none-eabi/4.5.1/thumb2/crtn.o
 *(.ram)
                0x10000598                . = ALIGN (0x8)
 *fill*         0x10000594        0x4 00
                0x10000598                _edata = .

.bss            0x10000598       0x80 load address 0x0000d170
 *(.shbss)
 *(.bss .bss.* .gnu.linkonce.b.*)
 .bss           0x10000598        0x0 /opt/york/cs/net/sourcery-g++-lite-arm-eabi-2010.09.51-i686-1/bin/../lib/gcc/arm-none-eabi/4.5.1/thumb2/crti.o
 .bss           0x10000598        0x1 /opt/york/cs/net/sourcery-g++-lite-arm-eabi-2010.09.51-i686-1/bin/../lib/gcc/arm-none-eabi/4.5.1/thumb2/crtbegin.o
 .bss           0x10000599        0x0 can_print.o
 .bss           0x10000599        0x0 ../can.o
 .bss           0x10000599        0x0 ../../UART/uart.o
 .bss           0x10000599        0x0 /usr/local/pkg/lpc1700-cmsis-lite-2011.01.26-i686-1/lib/core_cm3.o
 .bss           0x10000599        0x0 /usr/local/pkg/lpc1700-cmsis-lite-2011.01.26-i686-1/lib/system_LPC17xx.o
 .bss           0x10000599        0x0 /usr/local/pkg/lpc1700-cmsis-lite-2011.01.26-i686-1/lib/startup_LPC17xx.o
 .bss           0x10000599        0x0 /usr/local/pkg/sourcery-g++-lite-arm-eabi-2010.09.51-i686-1/arm-none-eabi/lib/thumb2/libc.a(lib_a-sprintf.o)
 .bss           0x10000599        0x0 /usr/local/pkg/sourcery-g++-lite-arm-eabi-2010.09.51-i686-1/arm-none-eabi/lib/thumb2/libc.a(lib_a-svfprintf.o)
 .bss           0x10000599        0x0 /usr/local/pkg/sourcery-g++-lite-arm-eabi-2010.09.51-i686-1/arm-none-eabi/lib/thumb2/libc.a(lib_a-dtoa.o)
 .bss           0x10000599        0x0 /usr/local/pkg/sourcery-g++-lite-arm-eabi-2010.09.51-i686-1/arm-none-eabi/lib/thumb2/libc.a(lib_a-impure.o)
 *fill*         0x10000599        0x3 00
 .bss           0x1000059c        0xc /usr/local/pkg/sourcery-g++-lite-arm-eabi-2010.09.51-i686-1/arm-none-eabi/lib/thumb2/libc.a(lib_a-locale.o)
                0x1000059c                __nlocale_changed
                0x100005a0                __mlocale_changed
                0x100005a4                _PathLocale
 .bss           0x100005a8        0x0 /usr/local/pkg/sourcery-g++-lite-arm-eabi-2010.09.51-i686-1/arm-none-eabi/lib/thumb2/libc.a(lib_a-malloc.o)
 .bss           0x100005a8       0x34 /usr/local/pkg/sourcery-g++-lite-arm-eabi-2010.09.51-i686-1/arm-none-eabi/lib/thumb2/libc.a(lib_a-mallocr.o)
                0x100005a8                __malloc_top_pad
                0x100005ac                __malloc_current_mallinfo
                0x100005d4                __malloc_max_sbrked_mem
                0x100005d8                __malloc_max_total_mem
 .bss           0x100005dc        0x0 /usr/local/pkg/sourcery-g++-lite-arm-eabi-2010.09.51-i686-1/arm-none-eabi/lib/thumb2/libc.a(lib_a-memchr.o)
 .bss           0x100005dc        0x0 /usr/local/pkg/sourcery-g++-lite-arm-eabi-2010.09.51-i686-1/arm-none-eabi/lib/thumb2/libc.a(lib_a-memcpy.o)
 .bss           0x100005dc        0x0 /usr/local/pkg/sourcery-g++-lite-arm-eabi-2010.09.51-i686-1/arm-none-eabi/lib/thumb2/libc.a(lib_a-mlock.o)
 .bss           0x100005dc        0x0 /usr/local/pkg/sourcery-g++-lite-arm-eabi-2010.09.51-i686-1/arm-none-eabi/lib/thumb2/libc.a(lib_a-mprec.o)
 .bss           0x100005dc        0x0 /usr/local/pkg/sourcery-g++-lite-arm-eabi-2010.09.51-i686-1/arm-none-eabi/lib/thumb2/libc.a(lib_a-s_fpclassify.o)
 .bss           0x100005dc        0x0 /usr/local/pkg/sourcery-g++-lite-arm-eabi-2010.09.51-i686-1/arm-none-eabi/lib/thumb2/libc.a(lib_a-sbrkr.o)
 .bss           0x100005dc        0x0 /usr/local/pkg/sourcery-g++-lite-arm-eabi-2010.09.51-i686-1/arm-none-eabi/lib/thumb2/libc.a(lib_a-strcmp.o)
 .bss           0x100005dc        0x0 /usr/local/pkg/sourcery-g++-lite-arm-eabi-2010.09.51-i686-1/arm-none-eabi/lib/thumb2/libc.a(lib_a-strlen.o)
 .bss           0x100005dc        0x0 /usr/local/pkg/sourcery-g++-lite-arm-eabi-2010.09.51-i686-1/arm-none-eabi/lib/thumb2/libc.a(lib_a-svfiprintf.o)
 .bss           0x100005dc        0x0 /usr/local/pkg/sourcery-g++-lite-arm-eabi-2010.09.51-i686-1/arm-none-eabi/lib/thumb2/libc.a(lib_a-callocr.o)
 .bss           0x100005dc        0x0 /usr/local/pkg/sourcery-g++-lite-arm-eabi-2010.09.51-i686-1/arm-none-eabi/lib/thumb2/libc.a(lib_a-freer.o)
 .bss           0x100005dc        0x0 /usr/local/pkg/sourcery-g++-lite-arm-eabi-2010.09.51-i686-1/arm-none-eabi/lib/thumb2/libc.a(lib_a-memmove.o)
 .bss           0x100005dc        0x0 /usr/local/pkg/sourcery-g++-lite-arm-eabi-2010.09.51-i686-1/arm-none-eabi/lib/thumb2/libc.a(lib_a-memset.o)
 .bss           0x100005dc        0x0 /usr/local/pkg/sourcery-g++-lite-arm-eabi-2010.09.51-i686-1/arm-none-eabi/lib/thumb2/libc.a(lib_a-reallocr.o)
 .bss           0x100005dc        0x0 /usr/local/pkg/sourcery-g++-lite-arm-eabi-2010.09.51-i686-1/arm-none-eabi/lib/thumb2/libc.a(lib_a-reent.o)
 .bss           0x100005dc        0x0 /opt/york/cs/net/sourcery-g++-lite-arm-eabi-2010.09.51-i686-1/bin/../lib/gcc/arm-none-eabi/4.5.1/thumb2/libgcc.a(_udivsi3.o)
 .bss           0x100005dc        0x0 /opt/york/cs/net/sourcery-g++-lite-arm-eabi-2010.09.51-i686-1/bin/../lib/gcc/arm-none-eabi/4.5.1/thumb2/libgcc.a(_dvmd_tls.o)
 .bss           0x100005dc        0x0 /opt/york/cs/net/sourcery-g++-lite-arm-eabi-2010.09.51-i686-1/bin/../lib/gcc/arm-none-eabi/4.5.1/thumb2/libgcc.a(_arm_addsubdf3.o)
 .bss           0x100005dc        0x0 /opt/york/cs/net/sourcery-g++-lite-arm-eabi-2010.09.51-i686-1/bin/../lib/gcc/arm-none-eabi/4.5.1/thumb2/libgcc.a(_arm_muldivdf3.o)
 .bss           0x100005dc        0x0 /opt/york/cs/net/sourcery-g++-lite-arm-eabi-2010.09.51-i686-1/bin/../lib/gcc/arm-none-eabi/4.5.1/thumb2/libgcc.a(_arm_cmpdf2.o)
 .bss           0x100005dc        0x0 /opt/york/cs/net/sourcery-g++-lite-arm-eabi-2010.09.51-i686-1/bin/../lib/gcc/arm-none-eabi/4.5.1/thumb2/libgcc.a(_arm_fixdfsi.o)
 .bss           0x100005dc        0x0 /opt/york/cs/net/sourcery-g++-lite-arm-eabi-2010.09.51-i686-1/bin/../lib/gcc/arm-none-eabi/4.5.1/thumb2/libgcc.a(_aeabi_uldivmod.o)
 .bss           0x100005dc        0x0 /opt/york/cs/net/sourcery-g++-lite-arm-eabi-2010.09.51-i686-1/bin/../lib/gcc/arm-none-eabi/4.5.1/thumb2/libgcc.a(bpabi.o)
 .bss           0x100005dc        0x0 /opt/york/cs/net/sourcery-g++-lite-arm-eabi-2010.09.51-i686-1/bin/../lib/gcc/arm-none-eabi/4.5.1/thumb2/libgcc.a(_divdi3.o)
 .bss           0x100005dc        0x0 /opt/york/cs/net/sourcery-g++-lite-arm-eabi-2010.09.51-i686-1/bin/../lib/gcc/arm-none-eabi/4.5.1/thumb2/libgcc.a(_udivdi3.o)
 .bss           0x100005dc        0x0 /usr/local/pkg/sourcery-g++-lite-arm-eabi-2010.09.51-i686-1/arm-none-eabi/lib/thumb2/libcs3.a(start_c.o)
 .bss           0x100005dc        0x0 /usr/local/pkg/sourcery-g++-lite-arm-eabi-2010.09.51-i686-1/arm-none-eabi/lib/thumb2/libcs3unhosted.a(unhosted-sbrk.o)
 .bss           0x100005dc        0x0 /usr/local/pkg/sourcery-g++-lite-arm-eabi-2010.09.51-i686-1/arm-none-eabi/lib/thumb2/libcs3unhosted.a(unhosted-start.o)
 .bss           0x100005dc        0x0 /usr/local/pkg/sourcery-g++-lite-arm-eabi-2010.09.51-i686-1/arm-none-eabi/lib/thumb2/libc.a(lib_a-errno.o)
 .bss           0x100005dc        0x0 /usr/local/pkg/sourcery-g++-lite-arm-eabi-2010.09.51-i686-1/arm-none-eabi/lib/thumb2/libc.a(lib_a-init.o)
 .bss           0x100005dc        0x0 /usr/local/pkg/sourcery-g++-lite-arm-eabi-2010.09.51-i686-1/arm-none-eabi/lib/thumb2/libcs3.a(heap.o)
 .bss           0x100005dc        0x0 /usr/local/pkg/lpc1700-cmsis-lite-2011.01.26-i686-1/lib/libDriversLPC17xxgnu.a(lpc17xx_can.o)
 .bss.CANAF_FullCAN_cnt
                0x100005dc        0x2 /usr/local/pkg/lpc1700-cmsis-lite-2011.01.26-i686-1/lib/libDriversLPC17xxgnu.a(lpc17xx_can.o)
                0x100005dc                CANAF_FullCAN_cnt
 .bss.CANAF_std_cnt
                0x100005de        0x2 /usr/local/pkg/lpc1700-cmsis-lite-2011.01.26-i686-1/lib/libDriversLPC17xxgnu.a(lpc17xx_can.o)
                0x100005de                CANAF_std_cnt
 .bss.CANAF_gstd_cnt
                0x100005e0        0x2 /usr/local/pkg/lpc1700-cmsis-lite-2011.01.26-i686-1/lib/libDriversLPC17xxgnu.a(lpc17xx_can.o)
                0x100005e0                CANAF_gstd_cnt
 .bss.CANAF_ext_cnt
                0x100005e2        0x2 /usr/local/pkg/lpc1700-cmsis-lite-2011.01.26-i686-1/lib/libDriversLPC17xxgnu.a(lpc17xx_can.o)
                0x100005e2                CANAF_ext_cnt
 .bss.CANAF_gext_cnt
                0x100005e4        0x2 /usr/local/pkg/lpc1700-cmsis-lite-2011.01.26-i686-1/lib/libDriversLPC17xxgnu.a(lpc17xx_can.o)
                0x100005e4                CANAF_gext_cnt
 .bss           0x100005e6        0x0 /usr/local/pkg/lpc1700-cmsis-lite-2011.01.26-i686-1/lib/libDriversLPC17xxgnu.a(lpc17xx_clkpwr.o)
 .bss           0x100005e6        0x0 /usr/local/pkg/lpc1700-cmsis-lite-2011.01.26-i686-1/lib/libDriversLPC17xxgnu.a(lpc17xx_libcfg_default.o)
 .bss           0x100005e6        0x0 /usr/local/pkg/lpc1700-cmsis-lite-2011.01.26-i686-1/lib/libDriversLPC17xxgnu.a(lpc17xx_pinsel.o)
 .bss           0x100005e6        0x0 /usr/local/pkg/lpc1700-cmsis-lite-2011.01.26-i686-1/lib/libDriversLPC17xxgnu.a(lpc17xx_uart.o)
 .bss           0x100005e6        0x0 /opt/york/cs/net/sourcery-g++-lite-arm-eabi-2010.09.51-i686-1/bin/../lib/gcc/arm-none-eabi/4.5.1/thumb2/crtend.o
 .bss           0x100005e6        0x0 /opt/york/cs/net/sourcery-g++-lite-arm-eabi-2010.09.51-i686-1/bin/../lib/gcc/arm-none-eabi/4.5.1/thumb2/crtn.o
 *(COMMON)
 *fill*         0x100005e6        0x2 00
 COMMON         0x100005e8       0x10 can_print.o
                0x100005e8                RXMsg
 COMMON         0x100005f8       0x14 ../can.o
                0x100005f8                debug
                0x100005fc                received_message
 COMMON         0x1000060c        0x4 /usr/local/pkg/sourcery-g++-lite-arm-eabi-2010.09.51-i686-1/arm-none-eabi/lib/thumb2/libc.a(lib_a-reent.o)
                0x1000060c                errno
 COMMON         0x10000610        0x1 /usr/local/pkg/lpc1700-cmsis-lite-2011.01.26-i686-1/lib/libDriversLPC17xxgnu.a(lpc17xx_can.o)
                0x10000610                FULLCAN_ENABLE
 *(.ram.b)
                0x10000618                . = ALIGN (0x8)
 *fill*         0x10000611        0x7 00
                0x10000618                _end = .
                0x10000618                __end = .

.usb_ram
 *.o(USB_RAM)

.heap           0x10000618     0x1000
 *(.heap)
 .heap          0x10000618     0x1000 /usr/local/pkg/lpc1700-cmsis-lite-2011.01.26-i686-1/lib/startup_LPC17xx.o
                0x10000618                __cs3_heap_start
                0x10001618                __cs3_heap_end

.stack          0x10007f00      0x100
 *(.stack)
 .stack         0x10007f00      0x100 /usr/local/pkg/lpc1700-cmsis-lite-2011.01.26-i686-1/lib/startup_LPC17xx.o
                0x10007f00                __cs3_stack_mem
                0x10008000                _estack = .
                0x10008000                PROVIDE (estack, .)
                0x0000cbd8                __cs3_region_init_ram = LOADADDR (.data)
                0x00000598                __cs3_region_init_size_ram = (_edata - __cs3_region_start_ram)
                0x00000080                __cs3_region_zero_size_ram = (_end - _edata)
                0x00008000                __cs3_region_size_ram = 0x8000
                0x00000001                __cs3_region_num = 0x1

.stab
 *(.stab)

.stabstr
 *(.stabstr)

.debug
 *(.debug)

.line
 *(.line)

.debug_srcinfo
 *(.debug_srcinfo)

.debug_sfnames
 *(.debug_sfnames)

.comment        0x00000000       0x2a
 .comment       0x00000000       0x2a can_print.o
                                 0x2b (size before relaxing)
 .comment       0x00000000       0x2b ../can.o
 .comment       0x00000000       0x2b ../../UART/uart.o
 .comment       0x00000000       0x2b /usr/local/pkg/lpc1700-cmsis-lite-2011.01.26-i686-1/lib/core_cm3.o
 .comment       0x00000000       0x2b /usr/local/pkg/lpc1700-cmsis-lite-2011.01.26-i686-1/lib/system_LPC17xx.o
 .comment       0x00000000       0x2b /usr/local/pkg/lpc1700-cmsis-lite-2011.01.26-i686-1/lib/libDriversLPC17xxgnu.a(lpc17xx_can.o)
 .comment       0x00000000       0x2b /usr/local/pkg/lpc1700-cmsis-lite-2011.01.26-i686-1/lib/libDriversLPC17xxgnu.a(lpc17xx_clkpwr.o)
 .comment       0x00000000       0x2b /usr/local/pkg/lpc1700-cmsis-lite-2011.01.26-i686-1/lib/libDriversLPC17xxgnu.a(lpc17xx_libcfg_default.o)
 .comment       0x00000000       0x2b /usr/local/pkg/lpc1700-cmsis-lite-2011.01.26-i686-1/lib/libDriversLPC17xxgnu.a(lpc17xx_pinsel.o)
 .comment       0x00000000       0x2b /usr/local/pkg/lpc1700-cmsis-lite-2011.01.26-i686-1/lib/libDriversLPC17xxgnu.a(lpc17xx_uart.o)

.debug_aranges  0x00000000      0x388
 *(.debug_aranges)
 .debug_aranges
                0x00000000       0x40 can_print.o
 .debug_aranges
                0x00000040       0x50 ../can.o
 .debug_aranges
                0x00000090       0x30 ../../UART/uart.o
 .debug_aranges
                0x000000c0       0x28 /usr/local/pkg/lpc1700-cmsis-lite-2011.01.26-i686-1/lib/system_LPC17xx.o
 .debug_aranges
                0x000000e8       0x28 /usr/local/pkg/lpc1700-cmsis-lite-2011.01.26-i686-1/lib/startup_LPC17xx.o
 .debug_aranges
                0x00000110       0xb8 /usr/local/pkg/lpc1700-cmsis-lite-2011.01.26-i686-1/lib/libDriversLPC17xxgnu.a(lpc17xx_can.o)
 .debug_aranges
                0x000001c8       0x58 /usr/local/pkg/lpc1700-cmsis-lite-2011.01.26-i686-1/lib/libDriversLPC17xxgnu.a(lpc17xx_clkpwr.o)
 .debug_aranges
                0x00000220       0x20 /usr/local/pkg/lpc1700-cmsis-lite-2011.01.26-i686-1/lib/libDriversLPC17xxgnu.a(lpc17xx_libcfg_default.o)
 .debug_aranges
                0x00000240       0x48 /usr/local/pkg/lpc1700-cmsis-lite-2011.01.26-i686-1/lib/libDriversLPC17xxgnu.a(lpc17xx_pinsel.o)
 .debug_aranges
                0x00000288      0x100 /usr/local/pkg/lpc1700-cmsis-lite-2011.01.26-i686-1/lib/libDriversLPC17xxgnu.a(lpc17xx_uart.o)

.debug_pubnames
                0x00000000      0x725
 *(.debug_pubnames)
 .debug_pubnames
                0x00000000       0x56 can_print.o
 .debug_pubnames
                0x00000056       0x90 ../can.o
 .debug_pubnames
                0x000000e6       0x43 ../../UART/uart.o
 .debug_pubnames
                0x00000129       0x4f /usr/local/pkg/lpc1700-cmsis-lite-2011.01.26-i686-1/lib/system_LPC17xx.o
 .debug_pubnames
                0x00000178      0x205 /usr/local/pkg/lpc1700-cmsis-lite-2011.01.26-i686-1/lib/libDriversLPC17xxgnu.a(lpc17xx_can.o)
 .debug_pubnames
                0x0000037d       0xbb /usr/local/pkg/lpc1700-cmsis-lite-2011.01.26-i686-1/lib/libDriversLPC17xxgnu.a(lpc17xx_clkpwr.o)
 .debug_pubnames
                0x00000438       0x23 /usr/local/pkg/lpc1700-cmsis-lite-2011.01.26-i686-1/lib/libDriversLPC17xxgnu.a(lpc17xx_libcfg_default.o)
 .debug_pubnames
                0x0000045b       0x59 /usr/local/pkg/lpc1700-cmsis-lite-2011.01.26-i686-1/lib/libDriversLPC17xxgnu.a(lpc17xx_pinsel.o)
 .debug_pubnames
                0x000004b4      0x271 /usr/local/pkg/lpc1700-cmsis-lite-2011.01.26-i686-1/lib/libDriversLPC17xxgnu.a(lpc17xx_uart.o)

.debug_info     0x00000000     0x53f8
 *(.debug_info .gnu.linkonce.wi.*)
 .debug_info    0x00000000      0xb1f can_print.o
 .debug_info    0x00000b1f      0xde7 ../can.o
 .debug_info    0x00001906      0x51e ../../UART/uart.o
 .debug_info    0x00001e24       0x68 /usr/local/pkg/lpc1700-cmsis-lite-2011.01.26-i686-1/lib/core_cm3.o
 .debug_info    0x00001e8c      0x509 /usr/local/pkg/lpc1700-cmsis-lite-2011.01.26-i686-1/lib/system_LPC17xx.o
 .debug_info    0x00002395       0xc1 /usr/local/pkg/lpc1700-cmsis-lite-2011.01.26-i686-1/lib/startup_LPC17xx.o
 .debug_info    0x00002456     0x1212 /usr/local/pkg/lpc1700-cmsis-lite-2011.01.26-i686-1/lib/libDriversLPC17xxgnu.a(lpc17xx_can.o)
 .debug_info    0x00003668      0x6c5 /usr/local/pkg/lpc1700-cmsis-lite-2011.01.26-i686-1/lib/libDriversLPC17xxgnu.a(lpc17xx_clkpwr.o)
 .debug_info    0x00003d2d       0xc9 /usr/local/pkg/lpc1700-cmsis-lite-2011.01.26-i686-1/lib/libDriversLPC17xxgnu.a(lpc17xx_libcfg_default.o)
 .debug_info    0x00003df6      0x4b5 /usr/local/pkg/lpc1700-cmsis-lite-2011.01.26-i686-1/lib/libDriversLPC17xxgnu.a(lpc17xx_pinsel.o)
 .debug_info    0x000042ab     0x114d /usr/local/pkg/lpc1700-cmsis-lite-2011.01.26-i686-1/lib/libDriversLPC17xxgnu.a(lpc17xx_uart.o)

.debug_abbrev   0x00000000      0xd85
 *(.debug_abbrev)
 .debug_abbrev  0x00000000      0x203 can_print.o
 .debug_abbrev  0x00000203      0x1fa ../can.o
 .debug_abbrev  0x000003fd      0x177 ../../UART/uart.o
 .debug_abbrev  0x00000574       0x28 /usr/local/pkg/lpc1700-cmsis-lite-2011.01.26-i686-1/lib/core_cm3.o
 .debug_abbrev  0x0000059c      0x102 /usr/local/pkg/lpc1700-cmsis-lite-2011.01.26-i686-1/lib/system_LPC17xx.o
 .debug_abbrev  0x0000069e       0x12 /usr/local/pkg/lpc1700-cmsis-lite-2011.01.26-i686-1/lib/startup_LPC17xx.o
 .debug_abbrev  0x000006b0      0x1ed /usr/local/pkg/lpc1700-cmsis-lite-2011.01.26-i686-1/lib/libDriversLPC17xxgnu.a(lpc17xx_can.o)
 .debug_abbrev  0x0000089d      0x195 /usr/local/pkg/lpc1700-cmsis-lite-2011.01.26-i686-1/lib/libDriversLPC17xxgnu.a(lpc17xx_clkpwr.o)
 .debug_abbrev  0x00000a32       0x68 /usr/local/pkg/lpc1700-cmsis-lite-2011.01.26-i686-1/lib/libDriversLPC17xxgnu.a(lpc17xx_libcfg_default.o)
 .debug_abbrev  0x00000a9a      0x11d /usr/local/pkg/lpc1700-cmsis-lite-2011.01.26-i686-1/lib/libDriversLPC17xxgnu.a(lpc17xx_pinsel.o)
 .debug_abbrev  0x00000bb7      0x1ce /usr/local/pkg/lpc1700-cmsis-lite-2011.01.26-i686-1/lib/libDriversLPC17xxgnu.a(lpc17xx_uart.o)

.debug_line     0x00000000     0x2009
 *(.debug_line)
 .debug_line    0x00000000      0x1d7 can_print.o
 .debug_line    0x000001d7      0x202 ../can.o
 .debug_line    0x000003d9      0x174 ../../UART/uart.o
 .debug_line    0x0000054d       0x1d /usr/local/pkg/lpc1700-cmsis-lite-2011.01.26-i686-1/lib/core_cm3.o
 .debug_line    0x0000056a      0x1e4 /usr/local/pkg/lpc1700-cmsis-lite-2011.01.26-i686-1/lib/system_LPC17xx.o
 .debug_line    0x0000074e       0xb1 /usr/local/pkg/lpc1700-cmsis-lite-2011.01.26-i686-1/lib/startup_LPC17xx.o
 .debug_line    0x000007ff      0xa04 /usr/local/pkg/lpc1700-cmsis-lite-2011.01.26-i686-1/lib/libDriversLPC17xxgnu.a(lpc17xx_can.o)
 .debug_line    0x00001203      0x29a /usr/local/pkg/lpc1700-cmsis-lite-2011.01.26-i686-1/lib/libDriversLPC17xxgnu.a(lpc17xx_clkpwr.o)
 .debug_line    0x0000149d       0xc4 /usr/local/pkg/lpc1700-cmsis-lite-2011.01.26-i686-1/lib/libDriversLPC17xxgnu.a(lpc17xx_libcfg_default.o)
 .debug_line    0x00001561      0x220 /usr/local/pkg/lpc1700-cmsis-lite-2011.01.26-i686-1/lib/libDriversLPC17xxgnu.a(lpc17xx_pinsel.o)
 .debug_line    0x00001781      0x888 /usr/local/pkg/lpc1700-cmsis-lite-2011.01.26-i686-1/lib/libDriversLPC17xxgnu.a(lpc17xx_uart.o)

.debug_frame    0x00000000     0x1320
 *(.debug_frame)
 .debug_frame   0x00000000       0xa0 can_print.o
 .debug_frame   0x000000a0       0xd8 ../can.o
 .debug_frame   0x00000178       0x70 ../../UART/uart.o
 .debug_frame   0x000001e8       0x40 /usr/local/pkg/lpc1700-cmsis-lite-2011.01.26-i686-1/lib/system_LPC17xx.o
 .debug_frame   0x00000228       0x64 /usr/local/pkg/sourcery-g++-lite-arm-eabi-2010.09.51-i686-1/arm-none-eabi/lib/thumb2/libc.a(lib_a-sprintf.o)
 .debug_frame   0x0000028c       0x3c /usr/local/pkg/sourcery-g++-lite-arm-eabi-2010.09.51-i686-1/arm-none-eabi/lib/thumb2/libc.a(lib_a-svfprintf.o)
 .debug_frame   0x000002c8       0x68 /usr/local/pkg/sourcery-g++-lite-arm-eabi-2010.09.51-i686-1/arm-none-eabi/lib/thumb2/libc.a(lib_a-dtoa.o)
 .debug_frame   0x00000330       0x98 /usr/local/pkg/sourcery-g++-lite-arm-eabi-2010.09.51-i686-1/arm-none-eabi/lib/thumb2/libc.a(lib_a-locale.o)
 .debug_frame   0x000003c8       0x30 /usr/local/pkg/sourcery-g++-lite-arm-eabi-2010.09.51-i686-1/arm-none-eabi/lib/thumb2/libc.a(lib_a-malloc.o)
 .debug_frame   0x000003f8       0x3c /usr/local/pkg/sourcery-g++-lite-arm-eabi-2010.09.51-i686-1/arm-none-eabi/lib/thumb2/libc.a(lib_a-mallocr.o)
 .debug_frame   0x00000434       0x2c /usr/local/pkg/sourcery-g++-lite-arm-eabi-2010.09.51-i686-1/arm-none-eabi/lib/thumb2/libc.a(lib_a-memchr.o)
 .debug_frame   0x00000460       0x30 /usr/local/pkg/sourcery-g++-lite-arm-eabi-2010.09.51-i686-1/arm-none-eabi/lib/thumb2/libc.a(lib_a-memcpy.o)
 .debug_frame   0x00000490       0x30 /usr/local/pkg/sourcery-g++-lite-arm-eabi-2010.09.51-i686-1/arm-none-eabi/lib/thumb2/libc.a(lib_a-mlock.o)
 .debug_frame   0x000004c0      0x244 /usr/local/pkg/sourcery-g++-lite-arm-eabi-2010.09.51-i686-1/arm-none-eabi/lib/thumb2/libc.a(lib_a-mprec.o)
 .debug_frame   0x00000704       0x28 /usr/local/pkg/sourcery-g++-lite-arm-eabi-2010.09.51-i686-1/arm-none-eabi/lib/thumb2/libc.a(lib_a-s_fpclassify.o)
 .debug_frame   0x0000072c       0x2c /usr/local/pkg/sourcery-g++-lite-arm-eabi-2010.09.51-i686-1/arm-none-eabi/lib/thumb2/libc.a(lib_a-sbrkr.o)
 .debug_frame   0x00000758       0x30 /usr/local/pkg/sourcery-g++-lite-arm-eabi-2010.09.51-i686-1/arm-none-eabi/lib/thumb2/libc.a(lib_a-strcmp.o)
 .debug_frame   0x00000788       0x20 /usr/local/pkg/sourcery-g++-lite-arm-eabi-2010.09.51-i686-1/arm-none-eabi/lib/thumb2/libc.a(lib_a-strlen.o)
 .debug_frame   0x000007a8       0x68 /usr/local/pkg/sourcery-g++-lite-arm-eabi-2010.09.51-i686-1/arm-none-eabi/lib/thumb2/libc.a(lib_a-svfiprintf.o)
 .debug_frame   0x00000810       0x2c /usr/local/pkg/sourcery-g++-lite-arm-eabi-2010.09.51-i686-1/arm-none-eabi/lib/thumb2/libc.a(lib_a-callocr.o)
 .debug_frame   0x0000083c       0x50 /usr/local/pkg/sourcery-g++-lite-arm-eabi-2010.09.51-i686-1/arm-none-eabi/lib/thumb2/libc.a(lib_a-freer.o)
 .debug_frame   0x0000088c       0x2c /usr/local/pkg/sourcery-g++-lite-arm-eabi-2010.09.51-i686-1/arm-none-eabi/lib/thumb2/libc.a(lib_a-memmove.o)
 .debug_frame   0x000008b8       0x2c /usr/local/pkg/sourcery-g++-lite-arm-eabi-2010.09.51-i686-1/arm-none-eabi/lib/thumb2/libc.a(lib_a-memset.o)
 .debug_frame   0x000008e4       0x3c /usr/local/pkg/sourcery-g++-lite-arm-eabi-2010.09.51-i686-1/arm-none-eabi/lib/thumb2/libc.a(lib_a-reallocr.o)
 .debug_frame   0x00000920       0x64 /usr/local/pkg/sourcery-g++-lite-arm-eabi-2010.09.51-i686-1/arm-none-eabi/lib/thumb2/libc.a(lib_a-reent.o)
 .debug_frame   0x00000984       0x20 /opt/york/cs/net/sourcery-g++-lite-arm-eabi-2010.09.51-i686-1/bin/../lib/gcc/arm-none-eabi/4.5.1/thumb2/libgcc.a(_udivsi3.o)
 .debug_frame   0x000009a4       0x50 /opt/york/cs/net/sourcery-g++-lite-arm-eabi-2010.09.51-i686-1/bin/../lib/gcc/arm-none-eabi/4.5.1/thumb2/libgcc.a(bpabi.o)
 .debug_frame   0x000009f4       0x3c /opt/york/cs/net/sourcery-g++-lite-arm-eabi-2010.09.51-i686-1/bin/../lib/gcc/arm-none-eabi/4.5.1/thumb2/libgcc.a(_divdi3.o)
 .debug_frame   0x00000a30       0x3c /opt/york/cs/net/sourcery-g++-lite-arm-eabi-2010.09.51-i686-1/bin/../lib/gcc/arm-none-eabi/4.5.1/thumb2/libgcc.a(_udivdi3.o)
 .debug_frame   0x00000a6c       0x40 /usr/local/pkg/sourcery-g++-lite-arm-eabi-2010.09.51-i686-1/arm-none-eabi/lib/thumb2/libcs3.a(start_c.o)
 .debug_frame   0x00000aac       0x28 /usr/local/pkg/sourcery-g++-lite-arm-eabi-2010.09.51-i686-1/arm-none-eabi/lib/thumb2/libcs3unhosted.a(unhosted-sbrk.o)
 .debug_frame   0x00000ad4       0x20 /usr/local/pkg/sourcery-g++-lite-arm-eabi-2010.09.51-i686-1/arm-none-eabi/lib/thumb2/libc.a(lib_a-errno.o)
 .debug_frame   0x00000af4       0x2c /usr/local/pkg/sourcery-g++-lite-arm-eabi-2010.09.51-i686-1/arm-none-eabi/lib/thumb2/libc.a(lib_a-init.o)
 .debug_frame   0x00000b20      0x294 /usr/local/pkg/lpc1700-cmsis-lite-2011.01.26-i686-1/lib/libDriversLPC17xxgnu.a(lpc17xx_can.o)
 .debug_frame   0x00000db4       0xe4 /usr/local/pkg/lpc1700-cmsis-lite-2011.01.26-i686-1/lib/libDriversLPC17xxgnu.a(lpc17xx_clkpwr.o)
 .debug_frame   0x00000e98       0x2c /usr/local/pkg/lpc1700-cmsis-lite-2011.01.26-i686-1/lib/libDriversLPC17xxgnu.a(lpc17xx_libcfg_default.o)
 .debug_frame   0x00000ec4       0xbc /usr/local/pkg/lpc1700-cmsis-lite-2011.01.26-i686-1/lib/libDriversLPC17xxgnu.a(lpc17xx_pinsel.o)
 .debug_frame   0x00000f80      0x3a0 /usr/local/pkg/lpc1700-cmsis-lite-2011.01.26-i686-1/lib/libDriversLPC17xxgnu.a(lpc17xx_uart.o)

.debug_str      0x00000000     0x1df2
 *(.debug_str)
 .debug_str     0x00000000      0x6be can_print.o
                                0x70b (size before relaxing)
 .debug_str     0x000006be      0x209 ../can.o
                                0x895 (size before relaxing)
 .debug_str     0x000008c7      0x26b ../../UART/uart.o
                                0x3f7 (size before relaxing)
 .debug_str     0x00000b32       0x42 /usr/local/pkg/lpc1700-cmsis-lite-2011.01.26-i686-1/lib/core_cm3.o
                                 0xd2 (size before relaxing)
 .debug_str     0x00000b74      0x1d9 /usr/local/pkg/lpc1700-cmsis-lite-2011.01.26-i686-1/lib/system_LPC17xx.o
                                0x2d5 (size before relaxing)
 .debug_str     0x00000d4d      0x62a /usr/local/pkg/lpc1700-cmsis-lite-2011.01.26-i686-1/lib/libDriversLPC17xxgnu.a(lpc17xx_can.o)
                                0xa05 (size before relaxing)
 .debug_str     0x00001377       0xc4 /usr/local/pkg/lpc1700-cmsis-lite-2011.01.26-i686-1/lib/libDriversLPC17xxgnu.a(lpc17xx_clkpwr.o)
                                0x380 (size before relaxing)
 .debug_str     0x0000143b       0x30 /usr/local/pkg/lpc1700-cmsis-lite-2011.01.26-i686-1/lib/libDriversLPC17xxgnu.a(lpc17xx_libcfg_default.o)
                                0x107 (size before relaxing)
 .debug_str     0x0000146b      0x1fb /usr/local/pkg/lpc1700-cmsis-lite-2011.01.26-i686-1/lib/libDriversLPC17xxgnu.a(lpc17xx_pinsel.o)
                                0x359 (size before relaxing)
 .debug_str     0x00001666      0x78c /usr/local/pkg/lpc1700-cmsis-lite-2011.01.26-i686-1/lib/libDriversLPC17xxgnu.a(lpc17xx_uart.o)
                                0xb32 (size before relaxing)

.debug_loc      0x00000000     0x114c
 *(.debug_loc)
 .debug_loc     0x00000000      0x10e can_print.o
 .debug_loc     0x0000010e      0x166 ../can.o
 .debug_loc     0x00000274       0xa8 ../../UART/uart.o
 .debug_loc     0x0000031c       0x58 /usr/local/pkg/lpc1700-cmsis-lite-2011.01.26-i686-1/lib/system_LPC17xx.o
 .debug_loc     0x00000374      0x466 /usr/local/pkg/lpc1700-cmsis-lite-2011.01.26-i686-1/lib/libDriversLPC17xxgnu.a(lpc17xx_can.o)
 .debug_loc     0x000007da      0x190 /usr/local/pkg/lpc1700-cmsis-lite-2011.01.26-i686-1/lib/libDriversLPC17xxgnu.a(lpc17xx_clkpwr.o)
 .debug_loc     0x0000096a       0x38 /usr/local/pkg/lpc1700-cmsis-lite-2011.01.26-i686-1/lib/libDriversLPC17xxgnu.a(lpc17xx_libcfg_default.o)
 .debug_loc     0x000009a2      0x150 /usr/local/pkg/lpc1700-cmsis-lite-2011.01.26-i686-1/lib/libDriversLPC17xxgnu.a(lpc17xx_pinsel.o)
 .debug_loc     0x00000af2      0x65a /usr/local/pkg/lpc1700-cmsis-lite-2011.01.26-i686-1/lib/libDriversLPC17xxgnu.a(lpc17xx_uart.o)

.debug_macinfo
 *(.debug_macinfo)

.debug_weaknames
 *(.debug_weaknames)

.debug_funcnames
 *(.debug_funcnames)

.debug_typenames
 *(.debug_typenames)

.debug_varnames
 *(.debug_varnames)

.note.gnu.arm.ident
 *(.note.gnu.arm.ident)

.ARM.attributes
                0x00000000       0x25
 *(.ARM.attributes)
 .ARM.attributes
                0x00000000       0x19 /opt/york/cs/net/sourcery-g++-lite-arm-eabi-2010.09.51-i686-1/bin/../lib/gcc/arm-none-eabi/4.5.1/thumb2/crti.o
 .ARM.attributes
                0x00000019       0x29 /opt/york/cs/net/sourcery-g++-lite-arm-eabi-2010.09.51-i686-1/bin/../lib/gcc/arm-none-eabi/4.5.1/thumb2/crtbegin.o
 .ARM.attributes
                0x00000042       0x31 can_print.o
 .ARM.attributes
                0x00000073       0x31 ../can.o
 .ARM.attributes
                0x000000a4       0x31 ../../UART/uart.o
 .ARM.attributes
                0x000000d5       0x31 /usr/local/pkg/lpc1700-cmsis-lite-2011.01.26-i686-1/lib/core_cm3.o
 .ARM.attributes
                0x00000106       0x31 /usr/local/pkg/lpc1700-cmsis-lite-2011.01.26-i686-1/lib/system_LPC17xx.o
 .ARM.attributes
                0x00000137       0x21 /usr/local/pkg/lpc1700-cmsis-lite-2011.01.26-i686-1/lib/startup_LPC17xx.o
 .ARM.attributes
                0x00000158       0x29 /usr/local/pkg/sourcery-g++-lite-arm-eabi-2010.09.51-i686-1/arm-none-eabi/lib/thumb2/libc.a(lib_a-sprintf.o)
 .ARM.attributes
                0x00000181       0x29 /usr/local/pkg/sourcery-g++-lite-arm-eabi-2010.09.51-i686-1/arm-none-eabi/lib/thumb2/libc.a(lib_a-svfprintf.o)
 .ARM.attributes
                0x000001aa       0x29 /usr/local/pkg/sourcery-g++-lite-arm-eabi-2010.09.51-i686-1/arm-none-eabi/lib/thumb2/libc.a(lib_a-dtoa.o)
 .ARM.attributes
                0x000001d3       0x29 /usr/local/pkg/sourcery-g++-lite-arm-eabi-2010.09.51-i686-1/arm-none-eabi/lib/thumb2/libc.a(lib_a-impure.o)
 .ARM.attributes
                0x000001fc       0x29 /usr/local/pkg/sourcery-g++-lite-arm-eabi-2010.09.51-i686-1/arm-none-eabi/lib/thumb2/libc.a(lib_a-locale.o)
 .ARM.attributes
                0x00000225       0x29 /usr/local/pkg/sourcery-g++-lite-arm-eabi-2010.09.51-i686-1/arm-none-eabi/lib/thumb2/libc.a(lib_a-malloc.o)
 .ARM.attributes
                0x0000024e       0x29 /usr/local/pkg/sourcery-g++-lite-arm-eabi-2010.09.51-i686-1/arm-none-eabi/lib/thumb2/libc.a(lib_a-mallocr.o)
 .ARM.attributes
                0x00000277       0x29 /usr/local/pkg/sourcery-g++-lite-arm-eabi-2010.09.51-i686-1/arm-none-eabi/lib/thumb2/libc.a(lib_a-memchr.o)
 .ARM.attributes
                0x000002a0       0x29 /usr/local/pkg/sourcery-g++-lite-arm-eabi-2010.09.51-i686-1/arm-none-eabi/lib/thumb2/libc.a(lib_a-memcpy.o)
 .ARM.attributes
                0x000002c9       0x29 /usr/local/pkg/sourcery-g++-lite-arm-eabi-2010.09.51-i686-1/arm-none-eabi/lib/thumb2/libc.a(lib_a-mlock.o)
 .ARM.attributes
                0x000002f2       0x29 /usr/local/pkg/sourcery-g++-lite-arm-eabi-2010.09.51-i686-1/arm-none-eabi/lib/thumb2/libc.a(lib_a-mprec.o)
 .ARM.attributes
                0x0000031b       0x29 /usr/local/pkg/sourcery-g++-lite-arm-eabi-2010.09.51-i686-1/arm-none-eabi/lib/thumb2/libc.a(lib_a-s_fpclassify.o)
 .ARM.attributes
                0x00000344       0x29 /usr/local/pkg/sourcery-g++-lite-arm-eabi-2010.09.51-i686-1/arm-none-eabi/lib/thumb2/libc.a(lib_a-sbrkr.o)
 .ARM.attributes
                0x0000036d       0x29 /usr/local/pkg/sourcery-g++-lite-arm-eabi-2010.09.51-i686-1/arm-none-eabi/lib/thumb2/libc.a(lib_a-strcmp.o)
 .ARM.attributes
                0x00000396       0x29 /usr/local/pkg/sourcery-g++-lite-arm-eabi-2010.09.51-i686-1/arm-none-eabi/lib/thumb2/libc.a(lib_a-strlen.o)
 .ARM.attributes
                0x000003bf       0x29 /usr/local/pkg/sourcery-g++-lite-arm-eabi-2010.09.51-i686-1/arm-none-eabi/lib/thumb2/libc.a(lib_a-svfiprintf.o)
 .ARM.attributes
                0x000003e8       0x29 /usr/local/pkg/sourcery-g++-lite-arm-eabi-2010.09.51-i686-1/arm-none-eabi/lib/thumb2/libc.a(lib_a-callocr.o)
 .ARM.attributes
                0x00000411       0x29 /usr/local/pkg/sourcery-g++-lite-arm-eabi-2010.09.51-i686-1/arm-none-eabi/lib/thumb2/libc.a(lib_a-freer.o)
 .ARM.attributes
                0x0000043a       0x29 /usr/local/pkg/sourcery-g++-lite-arm-eabi-2010.09.51-i686-1/arm-none-eabi/lib/thumb2/libc.a(lib_a-memmove.o)
 .ARM.attributes
                0x00000463       0x29 /usr/local/pkg/sourcery-g++-lite-arm-eabi-2010.09.51-i686-1/arm-none-eabi/lib/thumb2/libc.a(lib_a-memset.o)
 .ARM.attributes
                0x0000048c       0x29 /usr/local/pkg/sourcery-g++-lite-arm-eabi-2010.09.51-i686-1/arm-none-eabi/lib/thumb2/libc.a(lib_a-reallocr.o)
 .ARM.attributes
                0x000004b5       0x29 /usr/local/pkg/sourcery-g++-lite-arm-eabi-2010.09.51-i686-1/arm-none-eabi/lib/thumb2/libc.a(lib_a-reent.o)
 .ARM.attributes
                0x000004de       0x1b /opt/york/cs/net/sourcery-g++-lite-arm-eabi-2010.09.51-i686-1/bin/../lib/gcc/arm-none-eabi/4.5.1/thumb2/libgcc.a(_udivsi3.o)
 .ARM.attributes
                0x000004f9       0x1b /opt/york/cs/net/sourcery-g++-lite-arm-eabi-2010.09.51-i686-1/bin/../lib/gcc/arm-none-eabi/4.5.1/thumb2/libgcc.a(_dvmd_tls.o)
 .ARM.attributes
                0x00000514       0x1b /opt/york/cs/net/sourcery-g++-lite-arm-eabi-2010.09.51-i686-1/bin/../lib/gcc/arm-none-eabi/4.5.1/thumb2/libgcc.a(_arm_addsubdf3.o)
 .ARM.attributes
                0x0000052f       0x1b /opt/york/cs/net/sourcery-g++-lite-arm-eabi-2010.09.51-i686-1/bin/../lib/gcc/arm-none-eabi/4.5.1/thumb2/libgcc.a(_arm_muldivdf3.o)
 .ARM.attributes
                0x0000054a       0x1b /opt/york/cs/net/sourcery-g++-lite-arm-eabi-2010.09.51-i686-1/bin/../lib/gcc/arm-none-eabi/4.5.1/thumb2/libgcc.a(_arm_cmpdf2.o)
 .ARM.attributes
                0x00000565       0x1b /opt/york/cs/net/sourcery-g++-lite-arm-eabi-2010.09.51-i686-1/bin/../lib/gcc/arm-none-eabi/4.5.1/thumb2/libgcc.a(_arm_fixdfsi.o)
 .ARM.attributes
                0x00000580       0x1b /opt/york/cs/net/sourcery-g++-lite-arm-eabi-2010.09.51-i686-1/bin/../lib/gcc/arm-none-eabi/4.5.1/thumb2/libgcc.a(_aeabi_uldivmod.o)
 .ARM.attributes
                0x0000059b       0x29 /opt/york/cs/net/sourcery-g++-lite-arm-eabi-2010.09.51-i686-1/bin/../lib/gcc/arm-none-eabi/4.5.1/thumb2/libgcc.a(bpabi.o)
 .ARM.attributes
                0x000005c4       0x29 /opt/york/cs/net/sourcery-g++-lite-arm-eabi-2010.09.51-i686-1/bin/../lib/gcc/arm-none-eabi/4.5.1/thumb2/libgcc.a(_divdi3.o)
 .ARM.attributes
                0x000005ed       0x29 /opt/york/cs/net/sourcery-g++-lite-arm-eabi-2010.09.51-i686-1/bin/../lib/gcc/arm-none-eabi/4.5.1/thumb2/libgcc.a(_udivdi3.o)
 .ARM.attributes
                0x00000616       0x29 /usr/local/pkg/sourcery-g++-lite-arm-eabi-2010.09.51-i686-1/arm-none-eabi/lib/thumb2/libcs3.a(start_c.o)
 .ARM.attributes
                0x0000063f       0x29 /usr/local/pkg/sourcery-g++-lite-arm-eabi-2010.09.51-i686-1/arm-none-eabi/lib/thumb2/libcs3unhosted.a(unhosted-sbrk.o)
 .ARM.attributes
                0x00000668       0x19 /usr/local/pkg/sourcery-g++-lite-arm-eabi-2010.09.51-i686-1/arm-none-eabi/lib/thumb2/libcs3unhosted.a(unhosted-start.o)
 .ARM.attributes
                0x00000681       0x29 /usr/local/pkg/sourcery-g++-lite-arm-eabi-2010.09.51-i686-1/arm-none-eabi/lib/thumb2/libc.a(lib_a-errno.o)
 .ARM.attributes
                0x000006aa       0x29 /usr/local/pkg/sourcery-g++-lite-arm-eabi-2010.09.51-i686-1/arm-none-eabi/lib/thumb2/libc.a(lib_a-init.o)
 .ARM.attributes
                0x000006d3       0x29 /usr/local/pkg/sourcery-g++-lite-arm-eabi-2010.09.51-i686-1/arm-none-eabi/lib/thumb2/libcs3.a(heap.o)
 .ARM.attributes
                0x000006fc       0x31 /usr/local/pkg/lpc1700-cmsis-lite-2011.01.26-i686-1/lib/libDriversLPC17xxgnu.a(lpc17xx_can.o)
 .ARM.attributes
                0x0000072d       0x31 /usr/local/pkg/lpc1700-cmsis-lite-2011.01.26-i686-1/lib/libDriversLPC17xxgnu.a(lpc17xx_clkpwr.o)
 .ARM.attributes
                0x0000075e       0x31 /usr/local/pkg/lpc1700-cmsis-lite-2011.01.26-i686-1/lib/libDriversLPC17xxgnu.a(lpc17xx_libcfg_default.o)
 .ARM.attributes
                0x0000078f       0x31 /usr/local/pkg/lpc1700-cmsis-lite-2011.01.26-i686-1/lib/libDriversLPC17xxgnu.a(lpc17xx_pinsel.o)
 .ARM.attributes
                0x000007c0       0x31 /usr/local/pkg/lpc1700-cmsis-lite-2011.01.26-i686-1/lib/libDriversLPC17xxgnu.a(lpc17xx_uart.o)
 .ARM.attributes
                0x000007f1       0x29 /opt/york/cs/net/sourcery-g++-lite-arm-eabi-2010.09.51-i686-1/bin/../lib/gcc/arm-none-eabi/4.5.1/thumb2/crtend.o
 .ARM.attributes
                0x0000081a       0x19 /opt/york/cs/net/sourcery-g++-lite-arm-eabi-2010.09.51-i686-1/bin/../lib/gcc/arm-none-eabi/4.5.1/thumb2/crtn.o

/DISCARD/
 *(.note.GNU-stack)
LOAD /usr/local/pkg/lpc1700-cmsis-lite-2011.01.26-i686-1/lib/libDriversLPC17xxgnu.a
START GROUP
LOAD /opt/york/cs/net/sourcery-g++-lite-arm-eabi-2010.09.51-i686-1/bin/../lib/gcc/arm-none-eabi/4.5.1/thumb2/libgcc.a
LOAD /usr/local/pkg/sourcery-g++-lite-arm-eabi-2010.09.51-i686-1/arm-none-eabi/lib/thumb2/libc.a
END GROUP
LOAD /opt/york/cs/net/sourcery-g++-lite-arm-eabi-2010.09.51-i686-1/bin/../lib/gcc/arm-none-eabi/4.5.1/thumb2/crtend.o
LOAD /opt/york/cs/net/sourcery-g++-lite-arm-eabi-2010.09.51-i686-1/bin/../lib/gcc/arm-none-eabi/4.5.1/thumb2/crtn.o
OUTPUT(bin/can_print elf32-littlearm)

.debug_pubtypes
                0x00000000      0x88d
 .debug_pubtypes
                0x00000000       0xcd can_print.o
 .debug_pubtypes
                0x000000cd      0x131 ../can.o
 .debug_pubtypes
                0x000001fe       0xf7 ../../UART/uart.o
 .debug_pubtypes
                0x000002f5       0x12 /usr/local/pkg/lpc1700-cmsis-lite-2011.01.26-i686-1/lib/core_cm3.o
 .debug_pubtypes
                0x00000307       0x57 /usr/local/pkg/lpc1700-cmsis-lite-2011.01.26-i686-1/lib/system_LPC17xx.o
 .debug_pubtypes
                0x0000035e      0x1fe /usr/local/pkg/lpc1700-cmsis-lite-2011.01.26-i686-1/lib/libDriversLPC17xxgnu.a(lpc17xx_can.o)
 .debug_pubtypes
                0x0000055c       0x6b /usr/local/pkg/lpc1700-cmsis-lite-2011.01.26-i686-1/lib/libDriversLPC17xxgnu.a(lpc17xx_clkpwr.o)
 .debug_pubtypes
                0x000005c7       0x2b /usr/local/pkg/lpc1700-cmsis-lite-2011.01.26-i686-1/lib/libDriversLPC17xxgnu.a(lpc17xx_libcfg_default.o)
 .debug_pubtypes
                0x000005f2       0x76 /usr/local/pkg/lpc1700-cmsis-lite-2011.01.26-i686-1/lib/libDriversLPC17xxgnu.a(lpc17xx_pinsel.o)
 .debug_pubtypes
                0x00000668      0x225 /usr/local/pkg/lpc1700-cmsis-lite-2011.01.26-i686-1/lib/libDriversLPC17xxgnu.a(lpc17xx_uart.o)

.debug_ranges   0x00000000      0x2f0
 .debug_ranges  0x00000000       0x30 can_print.o
 .debug_ranges  0x00000030       0x40 ../can.o
 .debug_ranges  0x00000070       0x20 ../../UART/uart.o
 .debug_ranges  0x00000090       0x18 /usr/local/pkg/lpc1700-cmsis-lite-2011.01.26-i686-1/lib/system_LPC17xx.o
 .debug_ranges  0x000000a8       0x20 /usr/local/pkg/lpc1700-cmsis-lite-2011.01.26-i686-1/lib/startup_LPC17xx.o
 .debug_ranges  0x000000c8       0xa8 /usr/local/pkg/lpc1700-cmsis-lite-2011.01.26-i686-1/lib/libDriversLPC17xxgnu.a(lpc17xx_can.o)
 .debug_ranges  0x00000170       0x48 /usr/local/pkg/lpc1700-cmsis-lite-2011.01.26-i686-1/lib/libDriversLPC17xxgnu.a(lpc17xx_clkpwr.o)
 .debug_ranges  0x000001b8       0x10 /usr/local/pkg/lpc1700-cmsis-lite-2011.01.26-i686-1/lib/libDriversLPC17xxgnu.a(lpc17xx_libcfg_default.o)
 .debug_ranges  0x000001c8       0x38 /usr/local/pkg/lpc1700-cmsis-lite-2011.01.26-i686-1/lib/libDriversLPC17xxgnu.a(lpc17xx_pinsel.o)
 .debug_ranges  0x00000200       0xf0 /usr/local/pkg/lpc1700-cmsis-lite-2011.01.26-i686-1/lib/libDriversLPC17xxgnu.a(lpc17xx_uart.o)
